nohup: ignoring input
{"complete": 1, "config_id": "A00_FAMILY_REFERENCE", "event": "training_cell_terminal", "planned": 32, "stage": "R1", "status": "SUCCESS_PRE_LABEL", "unit_id": "u000"}
{"complete": 2, "config_id": "A00_FAMILY_REFERENCE", "event": "training_cell_terminal", "planned": 32, "stage": "R1", "status": "SUCCESS_PRE_LABEL", "unit_id": "u005"}
{"complete": 3, "config_id": "A00_FAMILY_REFERENCE", "event": "training_cell_terminal", "planned": 32, "stage": "R1", "status": "SUCCESS_PRE_LABEL", "unit_id": "u010"}
{"complete": 4, "config_id": "A00_FAMILY_REFERENCE", "event": "training_cell_terminal", "planned": 32, "stage": "R1", "status": "SUCCESS_PRE_LABEL", "unit_id": "u020"}
{"complete": 5, "config_id": "A01_SP", "event": "training_cell_terminal", "planned": 32, "stage": "R1", "status": "SUCCESS_PRE_LABEL", "unit_id": "u000"}
{"complete": 6, "config_id": "A01_SP", "event": "training_cell_terminal", "planned": 32, "stage": "R1", "status": "SUCCESS_PRE_LABEL", "unit_id": "u005"}
{"complete": 7, "config_id": "A01_SP", "event": "training_cell_terminal", "planned": 32, "stage": "R1", "status": "SUCCESS_PRE_LABEL", "unit_id": "u010"}
{"complete": 8, "config_id": "A01_SP", "event": "training_cell_terminal", "planned": 32, "stage": "R1", "status": "SUCCESS_PRE_LABEL", "unit_id": "u020"}
{"complete": 9, "config_id": "A02_RR10", "event": "training_cell_terminal", "planned": 32, "stage": "R1", "status": "SUCCESS_PRE_LABEL", "unit_id": "u000"}
{"complete": 10, "config_id": "A02_RR10", "event": "training_cell_terminal", "planned": 32, "stage": "R1", "status": "SUCCESS_PRE_LABEL", "unit_id": "u005"}
{"complete": 11, "config_id": "A02_RR10", "event": "training_cell_terminal", "planned": 32, "stage": "R1", "status": "SUCCESS_PRE_LABEL", "unit_id": "u010"}
{"complete": 12, "config_id": "A02_RR10", "event": "training_cell_terminal", "planned": 32, "stage": "R1", "status": "SUCCESS_PRE_LABEL", "unit_id": "u020"}
{"complete": 13, "config_id": "A03_RR30", "event": "training_cell_terminal", "planned": 32, "stage": "R1", "status": "SUCCESS_PRE_LABEL", "unit_id": "u000"}
{"complete": 14, "config_id": "A03_RR30", "event": "training_cell_terminal", "planned": 32, "stage": "R1", "status": "SUCCESS_PRE_LABEL", "unit_id": "u005"}
{"complete": 15, "config_id": "A03_RR30", "event": "training_cell_terminal", "planned": 32, "stage": "R1", "status": "SUCCESS_PRE_LABEL", "unit_id": "u010"}
{"complete": 16, "config_id": "A03_RR30", "event": "training_cell_terminal", "planned": 32, "stage": "R1", "status": "SUCCESS_PRE_LABEL", "unit_id": "u020"}
{"complete": 17, "config_id": "A04_PROTO", "event": "training_cell_terminal", "planned": 32, "stage": "R1", "status": "SUCCESS_PRE_LABEL", "unit_id": "u000"}
{"complete": 18, "config_id": "A04_PROTO", "event": "training_cell_terminal", "planned": 32, "stage": "R1", "status": "SUCCESS_PRE_LABEL", "unit_id": "u005"}
{"complete": 19, "config_id": "A04_PROTO", "event": "training_cell_terminal", "planned": 32, "stage": "R1", "status": "SUCCESS_PRE_LABEL", "unit_id": "u010"}
{"complete": 20, "config_id": "A04_PROTO", "event": "training_cell_terminal", "planned": 32, "stage": "R1", "status": "SUCCESS_PRE_LABEL", "unit_id": "u020"}
{"complete": 21, "config_id": "A05_RNA_ANCHOR", "event": "training_cell_terminal", "planned": 32, "stage": "R1", "status": "CONTENT_ADDRESSED_NOOP_ALIAS_PRE_LABEL", "unit_id": "u000"}
{"complete": 22, "config_id": "A05_RNA_ANCHOR", "event": "training_cell_terminal", "planned": 32, "stage": "R1", "status": "CONTENT_ADDRESSED_NOOP_ALIAS_PRE_LABEL", "unit_id": "u005"}
{"complete": 23, "config_id": "A05_RNA_ANCHOR", "event": "training_cell_terminal", "planned": 32, "stage": "R1", "status": "CONTENT_ADDRESSED_NOOP_ALIAS_PRE_LABEL", "unit_id": "u010"}
{"complete": 24, "config_id": "A05_RNA_ANCHOR", "event": "training_cell_terminal", "planned": 32, "stage": "R1", "status": "SUCCESS_PRE_LABEL", "unit_id": "u020"}
{"complete": 25, "config_id": "A06_DGI", "event": "training_cell_terminal", "planned": 32, "stage": "R1", "status": "SUCCESS_PRE_LABEL", "unit_id": "u000"}
{"complete": 26, "config_id": "A06_DGI", "event": "training_cell_terminal", "planned": 32, "stage": "R1", "status": "SUCCESS_PRE_LABEL", "unit_id": "u005"}
{"complete": 27, "config_id": "A06_DGI", "event": "training_cell_terminal", "planned": 32, "stage": "R1", "status": "SUCCESS_PRE_LABEL", "unit_id": "u010"}
{"complete": 28, "config_id": "A06_DGI", "event": "training_cell_terminal", "planned": 32, "stage": "R1", "status": "SUCCESS_PRE_LABEL", "unit_id": "u020"}
{"complete": 29, "config_id": "A07_SMART_TRIPLET", "event": "training_cell_terminal", "planned": 32, "stage": "R1", "status": "SUCCESS_PRE_LABEL", "unit_id": "u000"}
{"complete": 30, "config_id": "A07_SMART_TRIPLET", "event": "training_cell_terminal", "planned": 32, "stage": "R1", "status": "SUCCESS_PRE_LABEL", "unit_id": "u005"}
{"complete": 31, "config_id": "A07_SMART_TRIPLET", "event": "training_cell_terminal", "planned": 32, "stage": "R1", "status": "SUCCESS_PRE_LABEL", "unit_id": "u010"}
{"complete": 32, "config_id": "A07_SMART_TRIPLET", "event": "training_cell_terminal", "planned": 32, "stage": "R1", "status": "SUCCESS_PRE_LABEL", "unit_id": "u020"}
{"complete": 1, "event": "transform_cell_terminal", "planned": 32, "stage": "R1", "status": "SUCCESS_PRE_LABEL"}
{"complete": 2, "event": "transform_cell_terminal", "planned": 32, "stage": "R1", "status": "SUCCESS_PRE_LABEL"}
{"complete": 3, "event": "transform_cell_terminal", "planned": 32, "stage": "R1", "status": "SUCCESS_PRE_LABEL"}
{"complete": 4, "event": "transform_cell_terminal", "planned": 32, "stage": "R1", "status": "SUCCESS_PRE_LABEL"}
{"complete": 5, "event": "transform_cell_terminal", "planned": 32, "stage": "R1", "status": "SUCCESS_PRE_LABEL"}
{"complete": 6, "event": "transform_cell_terminal", "planned": 32, "stage": "R1", "status": "SUCCESS_PRE_LABEL"}
{"complete": 7, "event": "transform_cell_terminal", "planned": 32, "stage": "R1", "status": "SUCCESS_PRE_LABEL"}
{"complete": 8, "event": "transform_cell_terminal", "planned": 32, "stage": "R1", "status": "SUCCESS_PRE_LABEL"}
{"complete": 9, "event": "transform_cell_terminal", "planned": 32, "stage": "R1", "status": "SUCCESS_PRE_LABEL"}
{"complete": 10, "event": "transform_cell_terminal", "planned": 32, "stage": "R1", "status": "SUCCESS_PRE_LABEL"}
{"complete": 11, "event": "transform_cell_terminal", "planned": 32, "stage": "R1", "status": "SUCCESS_PRE_LABEL"}
{"complete": 12, "event": "transform_cell_terminal", "planned": 32, "stage": "R1", "status": "SUCCESS_PRE_LABEL"}
{"complete": 13, "event": "transform_cell_terminal", "planned": 32, "stage": "R1", "status": "SUCCESS_PRE_LABEL"}
{"complete": 14, "event": "transform_cell_terminal", "planned": 32, "stage": "R1", "status": "SUCCESS_PRE_LABEL"}
{"complete": 15, "event": "transform_cell_terminal", "planned": 32, "stage": "R1", "status": "SUCCESS_PRE_LABEL"}
{"complete": 16, "event": "transform_cell_terminal", "planned": 32, "stage": "R1", "status": "SUCCESS_PRE_LABEL"}
{"complete": 17, "event": "transform_cell_terminal", "planned": 32, "stage": "R1", "status": "SUCCESS_PRE_LABEL"}
{"complete": 18, "event": "transform_cell_terminal", "planned": 32, "stage": "R1", "status": "SUCCESS_PRE_LABEL"}
{"complete": 19, "event": "transform_cell_terminal", "planned": 32, "stage": "R1", "status": "CONTENT_ADDRESSED_NOOP_ALIAS_PRE_LABEL"}
{"complete": 20, "event": "transform_cell_terminal", "planned": 32, "stage": "R1", "status": "CONTENT_ADDRESSED_NOOP_ALIAS_PRE_LABEL"}
{"complete": 21, "event": "transform_cell_terminal", "planned": 32, "stage": "R1", "status": "CONTENT_ADDRESSED_NOOP_ALIAS_PRE_LABEL"}
{"complete": 22, "event": "transform_cell_terminal", "planned": 32, "stage": "R1", "status": "SUCCESS_PRE_LABEL"}
{"complete": 23, "event": "transform_cell_terminal", "planned": 32, "stage": "R1", "status": "SUCCESS_PRE_LABEL"}
{"complete": 24, "event": "transform_cell_terminal", "planned": 32, "stage": "R1", "status": "SUCCESS_PRE_LABEL"}
{"complete": 25, "event": "transform_cell_terminal", "planned": 32, "stage": "R1", "status": "SUCCESS_PRE_LABEL"}
{"complete": 26, "event": "transform_cell_terminal", "planned": 32, "stage": "R1", "status": "SUCCESS_PRE_LABEL"}
{"complete": 27, "event": "transform_cell_terminal", "planned": 32, "stage": "R1", "status": "SUCCESS_PRE_LABEL"}
{"complete": 28, "event": "transform_cell_terminal", "planned": 32, "stage": "R1", "status": "SUCCESS_PRE_LABEL"}
{"complete": 29, "event": "transform_cell_terminal", "planned": 32, "stage": "R1", "status": "SUCCESS_PRE_LABEL"}
{"complete": 30, "event": "transform_cell_terminal", "planned": 32, "stage": "R1", "status": "SUCCESS_PRE_LABEL"}
{"complete": 31, "event": "transform_cell_terminal", "planned": 32, "stage": "R1", "status": "SUCCESS_PRE_LABEL"}
{"complete": 32, "event": "transform_cell_terminal", "planned": 32, "stage": "R1", "status": "SUCCESS_PRE_LABEL"}
{"actual_training": 29, "event": "stage_locked_pre_label", "planned": 32, "stage": "R1", "success_or_alias": 32}
