nohup: ignoring input
{"complete": 1, "config_id": "B00_FAMILY_REFERENCE", "event": "training_cell_terminal", "planned": 96, "stage": "R2", "status": "SUCCESS_PRE_LABEL", "unit_id": "u000"}
{"complete": 2, "config_id": "B00_FAMILY_REFERENCE", "event": "training_cell_terminal", "planned": 96, "stage": "R2", "status": "SUCCESS_PRE_LABEL", "unit_id": "u001"}
{"complete": 3, "config_id": "B00_FAMILY_REFERENCE", "event": "training_cell_terminal", "planned": 96, "stage": "R2", "status": "SUCCESS_PRE_LABEL", "unit_id": "u002"}
{"complete": 4, "config_id": "B00_FAMILY_REFERENCE", "event": "training_cell_terminal", "planned": 96, "stage": "R2", "status": "SUCCESS_PRE_LABEL", "unit_id": "u005"}
{"complete": 5, "config_id": "B00_FAMILY_REFERENCE", "event": "training_cell_terminal", "planned": 96, "stage": "R2", "status": "SUCCESS_PRE_LABEL", "unit_id": "u006"}
{"complete": 6, "config_id": "B00_FAMILY_REFERENCE", "event": "training_cell_terminal", "planned": 96, "stage": "R2", "status": "SUCCESS_PRE_LABEL", "unit_id": "u007"}
{"complete": 7, "config_id": "B00_FAMILY_REFERENCE", "event": "training_cell_terminal", "planned": 96, "stage": "R2", "status": "SUCCESS_PRE_LABEL", "unit_id": "u010"}
{"complete": 8, "config_id": "B00_FAMILY_REFERENCE", "event": "training_cell_terminal", "planned": 96, "stage": "R2", "status": "SUCCESS_PRE_LABEL", "unit_id": "u011"}
{"complete": 9, "config_id": "B00_FAMILY_REFERENCE", "event": "training_cell_terminal", "planned": 96, "stage": "R2", "status": "SUCCESS_PRE_LABEL", "unit_id": "u012"}
{"complete": 10, "config_id": "B00_FAMILY_REFERENCE", "event": "training_cell_terminal", "planned": 96, "stage": "R2", "status": "SUCCESS_PRE_LABEL", "unit_id": "u020"}
{"complete": 11, "config_id": "B00_FAMILY_REFERENCE", "event": "training_cell_terminal", "planned": 96, "stage": "R2", "status": "SUCCESS_PRE_LABEL", "unit_id": "u021"}
{"complete": 12, "config_id": "B00_FAMILY_REFERENCE", "event": "training_cell_terminal", "planned": 96, "stage": "R2", "status": "SUCCESS_PRE_LABEL", "unit_id": "u022"}
{"complete": 13, "config_id": "B01_SP_RR10", "event": "training_cell_terminal", "planned": 96, "stage": "R2", "status": "SUCCESS_PRE_LABEL", "unit_id": "u000"}
{"complete": 14, "config_id": "B01_SP_RR10", "event": "training_cell_terminal", "planned": 96, "stage": "R2", "status": "SUCCESS_PRE_LABEL", "unit_id": "u001"}
{"complete": 15, "config_id": "B01_SP_RR10", "event": "training_cell_terminal", "planned": 96, "stage": "R2", "status": "SUCCESS_PRE_LABEL", "unit_id": "u002"}
{"complete": 16, "config_id": "B01_SP_RR10", "event": "training_cell_terminal", "planned": 96, "stage": "R2", "status": "SUCCESS_PRE_LABEL", "unit_id": "u005"}
{"complete": 17, "config_id": "B01_SP_RR10", "event": "training_cell_terminal", "planned": 96, "stage": "R2", "status": "SUCCESS_PRE_LABEL", "unit_id": "u006"}
{"complete": 18, "config_id": "B01_SP_RR10", "event": "training_cell_terminal", "planned": 96, "stage": "R2", "status": "SUCCESS_PRE_LABEL", "unit_id": "u007"}
{"complete": 19, "config_id": "B01_SP_RR10", "event": "training_cell_terminal", "planned": 96, "stage": "R2", "status": "SUCCESS_PRE_LABEL", "unit_id": "u010"}
{"complete": 20, "config_id": "B01_SP_RR10", "event": "training_cell_terminal", "planned": 96, "stage": "R2", "status": "SUCCESS_PRE_LABEL", "unit_id": "u011"}
{"complete": 21, "config_id": "B01_SP_RR10", "event": "training_cell_terminal", "planned": 96, "stage": "R2", "status": "SUCCESS_PRE_LABEL", "unit_id": "u012"}
{"complete": 22, "config_id": "B01_SP_RR10", "event": "training_cell_terminal", "planned": 96, "stage": "R2", "status": "SUCCESS_PRE_LABEL", "unit_id": "u020"}
{"complete": 23, "config_id": "B01_SP_RR10", "event": "training_cell_terminal", "planned": 96, "stage": "R2", "status": "SUCCESS_PRE_LABEL", "unit_id": "u021"}
{"complete": 24, "config_id": "B01_SP_RR10", "event": "training_cell_terminal", "planned": 96, "stage": "R2", "status": "SUCCESS_PRE_LABEL", "unit_id": "u022"}
{"complete": 25, "config_id": "B02_SP_RR30", "event": "training_cell_terminal", "planned": 96, "stage": "R2", "status": "SUCCESS_PRE_LABEL", "unit_id": "u000"}
{"complete": 26, "config_id": "B02_SP_RR30", "event": "training_cell_terminal", "planned": 96, "stage": "R2", "status": "SUCCESS_PRE_LABEL", "unit_id": "u001"}
{"complete": 27, "config_id": "B02_SP_RR30", "event": "training_cell_terminal", "planned": 96, "stage": "R2", "status": "SUCCESS_PRE_LABEL", "unit_id": "u002"}
{"complete": 28, "config_id": "B02_SP_RR30", "event": "training_cell_terminal", "planned": 96, "stage": "R2", "status": "SUCCESS_PRE_LABEL", "unit_id": "u005"}
{"complete": 29, "config_id": "B02_SP_RR30", "event": "training_cell_terminal", "planned": 96, "stage": "R2", "status": "SUCCESS_PRE_LABEL", "unit_id": "u006"}
{"complete": 30, "config_id": "B02_SP_RR30", "event": "training_cell_terminal", "planned": 96, "stage": "R2", "status": "SUCCESS_PRE_LABEL", "unit_id": "u007"}
{"complete": 31, "config_id": "B02_SP_RR30", "event": "training_cell_terminal", "planned": 96, "stage": "R2", "status": "SUCCESS_PRE_LABEL", "unit_id": "u010"}
{"complete": 32, "config_id": "B02_SP_RR30", "event": "training_cell_terminal", "planned": 96, "stage": "R2", "status": "SUCCESS_PRE_LABEL", "unit_id": "u011"}
{"complete": 33, "config_id": "B02_SP_RR30", "event": "training_cell_terminal", "planned": 96, "stage": "R2", "status": "SUCCESS_PRE_LABEL", "unit_id": "u012"}
{"complete": 34, "config_id": "B02_SP_RR30", "event": "training_cell_terminal", "planned": 96, "stage": "R2", "status": "SUCCESS_PRE_LABEL", "unit_id": "u020"}
{"complete": 35, "config_id": "B02_SP_RR30", "event": "training_cell_terminal", "planned": 96, "stage": "R2", "status": "SUCCESS_PRE_LABEL", "unit_id": "u021"}
{"complete": 36, "config_id": "B02_SP_RR30", "event": "training_cell_terminal", "planned": 96, "stage": "R2", "status": "SUCCESS_PRE_LABEL", "unit_id": "u022"}
{"complete": 37, "config_id": "B03_RR10_PROTO", "event": "training_cell_terminal", "planned": 96, "stage": "R2", "status": "SUCCESS_PRE_LABEL", "unit_id": "u000"}
{"complete": 38, "config_id": "B03_RR10_PROTO", "event": "training_cell_terminal", "planned": 96, "stage": "R2", "status": "SUCCESS_PRE_LABEL", "unit_id": "u001"}
{"complete": 39, "config_id": "B03_RR10_PROTO", "event": "training_cell_terminal", "planned": 96, "stage": "R2", "status": "SUCCESS_PRE_LABEL", "unit_id": "u002"}
{"complete": 40, "config_id": "B03_RR10_PROTO", "event": "training_cell_terminal", "planned": 96, "stage": "R2", "status": "SUCCESS_PRE_LABEL", "unit_id": "u005"}
{"complete": 41, "config_id": "B03_RR10_PROTO", "event": "training_cell_terminal", "planned": 96, "stage": "R2", "status": "SUCCESS_PRE_LABEL", "unit_id": "u006"}
{"complete": 42, "config_id": "B03_RR10_PROTO", "event": "training_cell_terminal", "planned": 96, "stage": "R2", "status": "SUCCESS_PRE_LABEL", "unit_id": "u007"}
{"complete": 43, "config_id": "B03_RR10_PROTO", "event": "training_cell_terminal", "planned": 96, "stage": "R2", "status": "SUCCESS_PRE_LABEL", "unit_id": "u010"}
{"complete": 44, "config_id": "B03_RR10_PROTO", "event": "training_cell_terminal", "planned": 96, "stage": "R2", "status": "SUCCESS_PRE_LABEL", "unit_id": "u011"}
{"complete": 45, "config_id": "B03_RR10_PROTO", "event": "training_cell_terminal", "planned": 96, "stage": "R2", "status": "SUCCESS_PRE_LABEL", "unit_id": "u012"}
{"complete": 46, "config_id": "B03_RR10_PROTO", "event": "training_cell_terminal", "planned": 96, "stage": "R2", "status": "SUCCESS_PRE_LABEL", "unit_id": "u020"}
{"complete": 47, "config_id": "B03_RR10_PROTO", "event": "training_cell_terminal", "planned": 96, "stage": "R2", "status": "SUCCESS_PRE_LABEL", "unit_id": "u021"}
{"complete": 48, "config_id": "B03_RR10_PROTO", "event": "training_cell_terminal", "planned": 96, "stage": "R2", "status": "SUCCESS_PRE_LABEL", "unit_id": "u022"}
{"complete": 49, "config_id": "B04_SP_RR10_PROTO", "event": "training_cell_terminal", "planned": 96, "stage": "R2", "status": "SUCCESS_PRE_LABEL", "unit_id": "u000"}
{"complete": 50, "config_id": "B04_SP_RR10_PROTO", "event": "training_cell_terminal", "planned": 96, "stage": "R2", "status": "SUCCESS_PRE_LABEL", "unit_id": "u001"}
{"complete": 51, "config_id": "B04_SP_RR10_PROTO", "event": "training_cell_terminal", "planned": 96, "stage": "R2", "status": "SUCCESS_PRE_LABEL", "unit_id": "u002"}
{"complete": 52, "config_id": "B04_SP_RR10_PROTO", "event": "training_cell_terminal", "planned": 96, "stage": "R2", "status": "SUCCESS_PRE_LABEL", "unit_id": "u005"}
{"complete": 53, "config_id": "B04_SP_RR10_PROTO", "event": "training_cell_terminal", "planned": 96, "stage": "R2", "status": "SUCCESS_PRE_LABEL", "unit_id": "u006"}
{"complete": 54, "config_id": "B04_SP_RR10_PROTO", "event": "training_cell_terminal", "planned": 96, "stage": "R2", "status": "SUCCESS_PRE_LABEL", "unit_id": "u007"}
{"complete": 55, "config_id": "B04_SP_RR10_PROTO", "event": "training_cell_terminal", "planned": 96, "stage": "R2", "status": "SUCCESS_PRE_LABEL", "unit_id": "u010"}
{"complete": 56, "config_id": "B04_SP_RR10_PROTO", "event": "training_cell_terminal", "planned": 96, "stage": "R2", "status": "SUCCESS_PRE_LABEL", "unit_id": "u011"}
{"complete": 57, "config_id": "B04_SP_RR10_PROTO", "event": "training_cell_terminal", "planned": 96, "stage": "R2", "status": "SUCCESS_PRE_LABEL", "unit_id": "u012"}
{"complete": 58, "config_id": "B04_SP_RR10_PROTO", "event": "training_cell_terminal", "planned": 96, "stage": "R2", "status": "SUCCESS_PRE_LABEL", "unit_id": "u020"}
{"complete": 59, "config_id": "B04_SP_RR10_PROTO", "event": "training_cell_terminal", "planned": 96, "stage": "R2", "status": "SUCCESS_PRE_LABEL", "unit_id": "u021"}
{"complete": 60, "config_id": "B04_SP_RR10_PROTO", "event": "training_cell_terminal", "planned": 96, "stage": "R2", "status": "SUCCESS_PRE_LABEL", "unit_id": "u022"}
{"complete": 61, "config_id": "B05_SP_RR10_PROTO_RNAANCHOR", "event": "training_cell_terminal", "planned": 96, "stage": "R2", "status": "CONTENT_ADDRESSED_NOOP_ALIAS_PRE_LABEL", "unit_id": "u000"}
{"complete": 62, "config_id": "B05_SP_RR10_PROTO_RNAANCHOR", "event": "training_cell_terminal", "planned": 96, "stage": "R2", "status": "CONTENT_ADDRESSED_NOOP_ALIAS_PRE_LABEL", "unit_id": "u001"}
{"complete": 63, "config_id": "B05_SP_RR10_PROTO_RNAANCHOR", "event": "training_cell_terminal", "planned": 96, "stage": "R2", "status": "CONTENT_ADDRESSED_NOOP_ALIAS_PRE_LABEL", "unit_id": "u002"}
{"complete": 64, "config_id": "B05_SP_RR10_PROTO_RNAANCHOR", "event": "training_cell_terminal", "planned": 96, "stage": "R2", "status": "CONTENT_ADDRESSED_NOOP_ALIAS_PRE_LABEL", "unit_id": "u005"}
{"complete": 65, "config_id": "B05_SP_RR10_PROTO_RNAANCHOR", "event": "training_cell_terminal", "planned": 96, "stage": "R2", "status": "CONTENT_ADDRESSED_NOOP_ALIAS_PRE_LABEL", "unit_id": "u006"}
{"complete": 66, "config_id": "B05_SP_RR10_PROTO_RNAANCHOR", "event": "training_cell_terminal", "planned": 96, "stage": "R2", "status": "CONTENT_ADDRESSED_NOOP_ALIAS_PRE_LABEL", "unit_id": "u007"}
{"complete": 67, "config_id": "B05_SP_RR10_PROTO_RNAANCHOR", "event": "training_cell_terminal", "planned": 96, "stage": "R2", "status": "CONTENT_ADDRESSED_NOOP_ALIAS_PRE_LABEL", "unit_id": "u010"}
{"complete": 68, "config_id": "B05_SP_RR10_PROTO_RNAANCHOR", "event": "training_cell_terminal", "planned": 96, "stage": "R2", "status": "CONTENT_ADDRESSED_NOOP_ALIAS_PRE_LABEL", "unit_id": "u011"}
{"complete": 69, "config_id": "B05_SP_RR10_PROTO_RNAANCHOR", "event": "training_cell_terminal", "planned": 96, "stage": "R2", "status": "CONTENT_ADDRESSED_NOOP_ALIAS_PRE_LABEL", "unit_id": "u012"}
{"complete": 70, "config_id": "B05_SP_RR10_PROTO_RNAANCHOR", "event": "training_cell_terminal", "planned": 96, "stage": "R2", "status": "SUCCESS_PRE_LABEL", "unit_id": "u020"}
{"complete": 71, "config_id": "B05_SP_RR10_PROTO_RNAANCHOR", "event": "training_cell_terminal", "planned": 96, "stage": "R2", "status": "SUCCESS_PRE_LABEL", "unit_id": "u021"}
{"complete": 72, "config_id": "B05_SP_RR10_PROTO_RNAANCHOR", "event": "training_cell_terminal", "planned": 96, "stage": "R2", "status": "SUCCESS_PRE_LABEL", "unit_id": "u022"}
{"complete": 73, "config_id": "B06_SP_RR10_PROTO_DGI", "event": "training_cell_terminal", "planned": 96, "stage": "R2", "status": "SUCCESS_PRE_LABEL", "unit_id": "u000"}
{"complete": 74, "config_id": "B06_SP_RR10_PROTO_DGI", "event": "training_cell_terminal", "planned": 96, "stage": "R2", "status": "SUCCESS_PRE_LABEL", "unit_id": "u001"}
{"complete": 75, "config_id": "B06_SP_RR10_PROTO_DGI", "event": "training_cell_terminal", "planned": 96, "stage": "R2", "status": "SUCCESS_PRE_LABEL", "unit_id": "u002"}
{"complete": 76, "config_id": "B06_SP_RR10_PROTO_DGI", "event": "training_cell_terminal", "planned": 96, "stage": "R2", "status": "SUCCESS_PRE_LABEL", "unit_id": "u005"}
{"complete": 77, "config_id": "B06_SP_RR10_PROTO_DGI", "event": "training_cell_terminal", "planned": 96, "stage": "R2", "status": "SUCCESS_PRE_LABEL", "unit_id": "u006"}
{"complete": 78, "config_id": "B06_SP_RR10_PROTO_DGI", "event": "training_cell_terminal", "planned": 96, "stage": "R2", "status": "SUCCESS_PRE_LABEL", "unit_id": "u007"}
{"complete": 79, "config_id": "B06_SP_RR10_PROTO_DGI", "event": "training_cell_terminal", "planned": 96, "stage": "R2", "status": "SUCCESS_PRE_LABEL", "unit_id": "u010"}
{"complete": 80, "config_id": "B06_SP_RR10_PROTO_DGI", "event": "training_cell_terminal", "planned": 96, "stage": "R2", "status": "SUCCESS_PRE_LABEL", "unit_id": "u011"}
{"complete": 81, "config_id": "B06_SP_RR10_PROTO_DGI", "event": "training_cell_terminal", "planned": 96, "stage": "R2", "status": "SUCCESS_PRE_LABEL", "unit_id": "u012"}
{"complete": 82, "config_id": "B06_SP_RR10_PROTO_DGI", "event": "training_cell_terminal", "planned": 96, "stage": "R2", "status": "SUCCESS_PRE_LABEL", "unit_id": "u020"}
{"complete": 83, "config_id": "B06_SP_RR10_PROTO_DGI", "event": "training_cell_terminal", "planned": 96, "stage": "R2", "status": "SUCCESS_PRE_LABEL", "unit_id": "u021"}
{"complete": 84, "config_id": "B06_SP_RR10_PROTO_DGI", "event": "training_cell_terminal", "planned": 96, "stage": "R2", "status": "SUCCESS_PRE_LABEL", "unit_id": "u022"}
{"complete": 85, "config_id": "B07_SP_RR10_PROTO_TRIPLET", "event": "training_cell_terminal", "planned": 96, "stage": "R2", "status": "SUCCESS_PRE_LABEL", "unit_id": "u000"}
{"complete": 86, "config_id": "B07_SP_RR10_PROTO_TRIPLET", "event": "training_cell_terminal", "planned": 96, "stage": "R2", "status": "SUCCESS_PRE_LABEL", "unit_id": "u001"}
{"complete": 87, "config_id": "B07_SP_RR10_PROTO_TRIPLET", "event": "training_cell_terminal", "planned": 96, "stage": "R2", "status": "SUCCESS_PRE_LABEL", "unit_id": "u002"}
{"complete": 88, "config_id": "B07_SP_RR10_PROTO_TRIPLET", "event": "training_cell_terminal", "planned": 96, "stage": "R2", "status": "SUCCESS_PRE_LABEL", "unit_id": "u005"}
{"complete": 89, "config_id": "B07_SP_RR10_PROTO_TRIPLET", "event": "training_cell_terminal", "planned": 96, "stage": "R2", "status": "SUCCESS_PRE_LABEL", "unit_id": "u006"}
{"complete": 90, "config_id": "B07_SP_RR10_PROTO_TRIPLET", "event": "training_cell_terminal", "planned": 96, "stage": "R2", "status": "SUCCESS_PRE_LABEL", "unit_id": "u007"}
{"complete": 91, "config_id": "B07_SP_RR10_PROTO_TRIPLET", "event": "training_cell_terminal", "planned": 96, "stage": "R2", "status": "SUCCESS_PRE_LABEL", "unit_id": "u010"}
{"complete": 92, "config_id": "B07_SP_RR10_PROTO_TRIPLET", "event": "training_cell_terminal", "planned": 96, "stage": "R2", "status": "SUCCESS_PRE_LABEL", "unit_id": "u011"}
{"complete": 93, "config_id": "B07_SP_RR10_PROTO_TRIPLET", "event": "training_cell_terminal", "planned": 96, "stage": "R2", "status": "SUCCESS_PRE_LABEL", "unit_id": "u012"}
{"complete": 94, "config_id": "B07_SP_RR10_PROTO_TRIPLET", "event": "training_cell_terminal", "planned": 96, "stage": "R2", "status": "SUCCESS_PRE_LABEL", "unit_id": "u020"}
{"complete": 95, "config_id": "B07_SP_RR10_PROTO_TRIPLET", "event": "training_cell_terminal", "planned": 96, "stage": "R2", "status": "SUCCESS_PRE_LABEL", "unit_id": "u021"}
{"complete": 96, "config_id": "B07_SP_RR10_PROTO_TRIPLET", "event": "training_cell_terminal", "planned": 96, "stage": "R2", "status": "SUCCESS_PRE_LABEL", "unit_id": "u022"}
{"complete": 1, "event": "transform_cell_terminal", "planned": 96, "stage": "R2", "status": "SUCCESS_PRE_LABEL"}
{"complete": 2, "event": "transform_cell_terminal", "planned": 96, "stage": "R2", "status": "SUCCESS_PRE_LABEL"}
{"complete": 3, "event": "transform_cell_terminal", "planned": 96, "stage": "R2", "status": "SUCCESS_PRE_LABEL"}
{"complete": 4, "event": "transform_cell_terminal", "planned": 96, "stage": "R2", "status": "SUCCESS_PRE_LABEL"}
{"complete": 5, "event": "transform_cell_terminal", "planned": 96, "stage": "R2", "status": "SUCCESS_PRE_LABEL"}
{"complete": 6, "event": "transform_cell_terminal", "planned": 96, "stage": "R2", "status": "SUCCESS_PRE_LABEL"}
{"complete": 7, "event": "transform_cell_terminal", "planned": 96, "stage": "R2", "status": "SUCCESS_PRE_LABEL"}
{"complete": 8, "event": "transform_cell_terminal", "planned": 96, "stage": "R2", "status": "SUCCESS_PRE_LABEL"}
{"complete": 9, "event": "transform_cell_terminal", "planned": 96, "stage": "R2", "status": "SUCCESS_PRE_LABEL"}
{"complete": 10, "event": "transform_cell_terminal", "planned": 96, "stage": "R2", "status": "SUCCESS_PRE_LABEL"}
{"complete": 11, "event": "transform_cell_terminal", "planned": 96, "stage": "R2", "status": "SUCCESS_PRE_LABEL"}
{"complete": 12, "event": "transform_cell_terminal", "planned": 96, "stage": "R2", "status": "SUCCESS_PRE_LABEL"}
{"complete": 13, "event": "transform_cell_terminal", "planned": 96, "stage": "R2", "status": "SUCCESS_PRE_LABEL"}
{"complete": 14, "event": "transform_cell_terminal", "planned": 96, "stage": "R2", "status": "SUCCESS_PRE_LABEL"}
{"complete": 15, "event": "transform_cell_terminal", "planned": 96, "stage": "R2", "status": "SUCCESS_PRE_LABEL"}
{"complete": 16, "event": "transform_cell_terminal", "planned": 96, "stage": "R2", "status": "SUCCESS_PRE_LABEL"}
{"complete": 17, "event": "transform_cell_terminal", "planned": 96, "stage": "R2", "status": "SUCCESS_PRE_LABEL"}
{"complete": 18, "event": "transform_cell_terminal", "planned": 96, "stage": "R2", "status": "SUCCESS_PRE_LABEL"}
{"complete": 19, "event": "transform_cell_terminal", "planned": 96, "stage": "R2", "status": "SUCCESS_PRE_LABEL"}
{"complete": 20, "event": "transform_cell_terminal", "planned": 96, "stage": "R2", "status": "SUCCESS_PRE_LABEL"}
{"complete": 21, "event": "transform_cell_terminal", "planned": 96, "stage": "R2", "status": "SUCCESS_PRE_LABEL"}
{"complete": 22, "event": "transform_cell_terminal", "planned": 96, "stage": "R2", "status": "SUCCESS_PRE_LABEL"}
{"complete": 23, "event": "transform_cell_terminal", "planned": 96, "stage": "R2", "status": "SUCCESS_PRE_LABEL"}
{"complete": 24, "event": "transform_cell_terminal", "planned": 96, "stage": "R2", "status": "SUCCESS_PRE_LABEL"}
{"complete": 25, "event": "transform_cell_terminal", "planned": 96, "stage": "R2", "status": "SUCCESS_PRE_LABEL"}
{"complete": 26, "event": "transform_cell_terminal", "planned": 96, "stage": "R2", "status": "SUCCESS_PRE_LABEL"}
{"complete": 27, "event": "transform_cell_terminal", "planned": 96, "stage": "R2", "status": "SUCCESS_PRE_LABEL"}
{"complete": 28, "event": "transform_cell_terminal", "planned": 96, "stage": "R2", "status": "SUCCESS_PRE_LABEL"}
{"complete": 29, "event": "transform_cell_terminal", "planned": 96, "stage": "R2", "status": "SUCCESS_PRE_LABEL"}
{"complete": 30, "event": "transform_cell_terminal", "planned": 96, "stage": "R2", "status": "SUCCESS_PRE_LABEL"}
{"complete": 31, "event": "transform_cell_terminal", "planned": 96, "stage": "R2", "status": "SUCCESS_PRE_LABEL"}
{"complete": 32, "event": "transform_cell_terminal", "planned": 96, "stage": "R2", "status": "SUCCESS_PRE_LABEL"}
{"complete": 33, "event": "transform_cell_terminal", "planned": 96, "stage": "R2", "status": "SUCCESS_PRE_LABEL"}
{"complete": 34, "event": "transform_cell_terminal", "planned": 96, "stage": "R2", "status": "SUCCESS_PRE_LABEL"}
{"complete": 35, "event": "transform_cell_terminal", "planned": 96, "stage": "R2", "status": "SUCCESS_PRE_LABEL"}
{"complete": 36, "event": "transform_cell_terminal", "planned": 96, "stage": "R2", "status": "SUCCESS_PRE_LABEL"}
{"complete": 37, "event": "transform_cell_terminal", "planned": 96, "stage": "R2", "status": "SUCCESS_PRE_LABEL"}
{"complete": 38, "event": "transform_cell_terminal", "planned": 96, "stage": "R2", "status": "SUCCESS_PRE_LABEL"}
{"complete": 39, "event": "transform_cell_terminal", "planned": 96, "stage": "R2", "status": "SUCCESS_PRE_LABEL"}
{"complete": 40, "event": "transform_cell_terminal", "planned": 96, "stage": "R2", "status": "SUCCESS_PRE_LABEL"}
{"complete": 41, "event": "transform_cell_terminal", "planned": 96, "stage": "R2", "status": "SUCCESS_PRE_LABEL"}
{"complete": 42, "event": "transform_cell_terminal", "planned": 96, "stage": "R2", "status": "SUCCESS_PRE_LABEL"}
{"complete": 43, "event": "transform_cell_terminal", "planned": 96, "stage": "R2", "status": "SUCCESS_PRE_LABEL"}
{"complete": 44, "event": "transform_cell_terminal", "planned": 96, "stage": "R2", "status": "SUCCESS_PRE_LABEL"}
{"complete": 45, "event": "transform_cell_terminal", "planned": 96, "stage": "R2", "status": "SUCCESS_PRE_LABEL"}
{"complete": 46, "event": "transform_cell_terminal", "planned": 96, "stage": "R2", "status": "SUCCESS_PRE_LABEL"}
{"complete": 47, "event": "transform_cell_terminal", "planned": 96, "stage": "R2", "status": "SCIENTIFIC_NUMERICAL_FAILURE_NO_RETRY"}
{"complete": 48, "event": "transform_cell_terminal", "planned": 96, "stage": "R2", "status": "SUCCESS_PRE_LABEL"}
{"complete": 49, "event": "transform_cell_terminal", "planned": 96, "stage": "R2", "status": "SUCCESS_PRE_LABEL"}
{"complete": 50, "event": "transform_cell_terminal", "planned": 96, "stage": "R2", "status": "SUCCESS_PRE_LABEL"}
{"complete": 51, "event": "transform_cell_terminal", "planned": 96, "stage": "R2", "status": "SUCCESS_PRE_LABEL"}
{"complete": 52, "event": "transform_cell_terminal", "planned": 96, "stage": "R2", "status": "SUCCESS_PRE_LABEL"}
{"complete": 53, "event": "transform_cell_terminal", "planned": 96, "stage": "R2", "status": "SUCCESS_PRE_LABEL"}
{"complete": 54, "event": "transform_cell_terminal", "planned": 96, "stage": "R2", "status": "SUCCESS_PRE_LABEL"}
{"complete": 55, "event": "transform_cell_terminal", "planned": 96, "stage": "R2", "status": "SUCCESS_PRE_LABEL"}
{"complete": 56, "event": "transform_cell_terminal", "planned": 96, "stage": "R2", "status": "SUCCESS_PRE_LABEL"}
{"complete": 57, "event": "transform_cell_terminal", "planned": 96, "stage": "R2", "status": "SUCCESS_PRE_LABEL"}
{"complete": 58, "event": "transform_cell_terminal", "planned": 96, "stage": "R2", "status": "SUCCESS_PRE_LABEL"}
{"complete": 59, "event": "transform_cell_terminal", "planned": 96, "stage": "R2", "status": "CONTENT_ADDRESSED_NOOP_ALIAS_PRE_LABEL"}
{"complete": 60, "event": "transform_cell_terminal", "planned": 96, "stage": "R2", "status": "CONTENT_ADDRESSED_NOOP_ALIAS_PRE_LABEL"}
{"complete": 61, "event": "transform_cell_terminal", "planned": 96, "stage": "R2", "status": "CONTENT_ADDRESSED_NOOP_ALIAS_PRE_LABEL"}
{"complete": 62, "event": "transform_cell_terminal", "planned": 96, "stage": "R2", "status": "CONTENT_ADDRESSED_NOOP_ALIAS_PRE_LABEL"}
{"complete": 63, "event": "transform_cell_terminal", "planned": 96, "stage": "R2", "status": "CONTENT_ADDRESSED_NOOP_ALIAS_PRE_LABEL"}
{"complete": 64, "event": "transform_cell_terminal", "planned": 96, "stage": "R2", "status": "CONTENT_ADDRESSED_NOOP_ALIAS_PRE_LABEL"}
{"complete": 65, "event": "transform_cell_terminal", "planned": 96, "stage": "R2", "status": "CONTENT_ADDRESSED_NOOP_ALIAS_PRE_LABEL"}
{"complete": 66, "event": "transform_cell_terminal", "planned": 96, "stage": "R2", "status": "CONTENT_ADDRESSED_NOOP_ALIAS_PRE_LABEL"}
{"complete": 67, "event": "transform_cell_terminal", "planned": 96, "stage": "R2", "status": "CONTENT_ADDRESSED_NOOP_ALIAS_PRE_LABEL"}
{"complete": 68, "event": "transform_cell_terminal", "planned": 96, "stage": "R2", "status": "SUCCESS_PRE_LABEL"}
{"complete": 69, "event": "transform_cell_terminal", "planned": 96, "stage": "R2", "status": "SUCCESS_PRE_LABEL"}
{"complete": 70, "event": "transform_cell_terminal", "planned": 96, "stage": "R2", "status": "SUCCESS_PRE_LABEL"}
{"complete": 71, "event": "transform_cell_terminal", "planned": 96, "stage": "R2", "status": "SUCCESS_PRE_LABEL"}
{"complete": 72, "event": "transform_cell_terminal", "planned": 96, "stage": "R2", "status": "SUCCESS_PRE_LABEL"}
{"complete": 73, "event": "transform_cell_terminal", "planned": 96, "stage": "R2", "status": "SUCCESS_PRE_LABEL"}
{"complete": 74, "event": "transform_cell_terminal", "planned": 96, "stage": "R2", "status": "SUCCESS_PRE_LABEL"}
{"complete": 75, "event": "transform_cell_terminal", "planned": 96, "stage": "R2", "status": "SUCCESS_PRE_LABEL"}
{"complete": 76, "event": "transform_cell_terminal", "planned": 96, "stage": "R2", "status": "SUCCESS_PRE_LABEL"}
{"complete": 77, "event": "transform_cell_terminal", "planned": 96, "stage": "R2", "status": "SUCCESS_PRE_LABEL"}
{"complete": 78, "event": "transform_cell_terminal", "planned": 96, "stage": "R2", "status": "SUCCESS_PRE_LABEL"}
{"complete": 79, "event": "transform_cell_terminal", "planned": 96, "stage": "R2", "status": "SUCCESS_PRE_LABEL"}
{"complete": 80, "event": "transform_cell_terminal", "planned": 96, "stage": "R2", "status": "SUCCESS_PRE_LABEL"}
{"complete": 81, "event": "transform_cell_terminal", "planned": 96, "stage": "R2", "status": "SUCCESS_PRE_LABEL"}
{"complete": 82, "event": "transform_cell_terminal", "planned": 96, "stage": "R2", "status": "SUCCESS_PRE_LABEL"}
{"complete": 83, "event": "transform_cell_terminal", "planned": 96, "stage": "R2", "status": "SUCCESS_PRE_LABEL"}
{"complete": 84, "event": "transform_cell_terminal", "planned": 96, "stage": "R2", "status": "SUCCESS_PRE_LABEL"}
{"complete": 85, "event": "transform_cell_terminal", "planned": 96, "stage": "R2", "status": "SUCCESS_PRE_LABEL"}
{"complete": 86, "event": "transform_cell_terminal", "planned": 96, "stage": "R2", "status": "SUCCESS_PRE_LABEL"}
{"complete": 87, "event": "transform_cell_terminal", "planned": 96, "stage": "R2", "status": "SUCCESS_PRE_LABEL"}
{"complete": 88, "event": "transform_cell_terminal", "planned": 96, "stage": "R2", "status": "SUCCESS_PRE_LABEL"}
{"complete": 89, "event": "transform_cell_terminal", "planned": 96, "stage": "R2", "status": "SUCCESS_PRE_LABEL"}
{"complete": 90, "event": "transform_cell_terminal", "planned": 96, "stage": "R2", "status": "SUCCESS_PRE_LABEL"}
{"complete": 91, "event": "transform_cell_terminal", "planned": 96, "stage": "R2", "status": "SUCCESS_PRE_LABEL"}
{"complete": 92, "event": "transform_cell_terminal", "planned": 96, "stage": "R2", "status": "SUCCESS_PRE_LABEL"}
{"complete": 93, "event": "transform_cell_terminal", "planned": 96, "stage": "R2", "status": "SUCCESS_PRE_LABEL"}
{"complete": 94, "event": "transform_cell_terminal", "planned": 96, "stage": "R2", "status": "SUCCESS_PRE_LABEL"}
{"complete": 95, "event": "transform_cell_terminal", "planned": 96, "stage": "R2", "status": "SUCCESS_PRE_LABEL"}
{"complete": 96, "event": "transform_cell_terminal", "planned": 96, "stage": "R2", "status": "SUCCESS_PRE_LABEL"}
{"actual_training": 87, "event": "stage_locked_pre_label", "planned": 96, "stage": "R2", "success_or_alias": 95}
