baseline_reproducibility_matrix.csv: OK
baseline_reproducibility_matrix.json: OK
baselines/ARISE/attempt1/exit_code: OK
baselines/ARISE/attempt1/run.log: OK
baselines/ARISE/attempt2/exit_code: OK
baselines/ARISE/attempt2/install.log: OK
baselines/ARISE/attempt2/run.log: OK
baselines/COSMOS/attempt1/exit_code: OK
baselines/COSMOS/attempt1/run.log: OK
baselines/COSMOS/attempt2/exit_code: OK
baselines/COSMOS/attempt2/install.log: OK
baselines/COSMOS/attempt2/run.log: OK
baselines/SMART/attempt1/exit_code: OK
baselines/SMART/attempt1/run.log: OK
baselines/SMART/attempt2/exit_code: OK
baselines/SMART/attempt2/install.log: OK
baselines/SMART/attempt2/run.log: OK
baselines/Seurat/attempt1/exit_code: OK
baselines/Seurat/attempt1/run.log: OK
baselines/SpatialGlue/attempt1/exit_code: OK
baselines/SpatialGlue/attempt1/run.log: OK
baselines/SpatialGlue/attempt2/exit_code: OK
baselines/SpatialGlue/attempt2/run.log: OK
baselines/SpatialGlue_notebook_clone.log: OK
data_preprocessing_lock.json: OK
data_source_registry.csv: OK
data_source_registry.json: OK
evidence_repair/evidence_repair_completion.json: OK
evidence_repair/figure_caption_drafts.md: OK
evidence_repair/figure_qa_manifest.json: OK
evidence_repair/figures/a1_ground_truth_and_hungarian_aligned_predictions.pdf: OK
evidence_repair/figures/a1_ground_truth_and_hungarian_aligned_predictions.png: OK
evidence_repair/figures/attention_ablation_heatmap_with_seed_uncertainty.pdf: OK
evidence_repair/figures/attention_ablation_heatmap_with_seed_uncertainty.png: OK
evidence_repair/figures/attention_domain_association_named.pdf: OK
evidence_repair/figures/attention_domain_association_named.png: OK
evidence_repair/figures/attention_six_channel_distribution.pdf: OK
evidence_repair/figures/attention_six_channel_distribution.png: OK
evidence_repair/figures/ige_gradient_trajectories_with_seed_uncertainty.pdf: OK
evidence_repair/figures/ige_gradient_trajectories_with_seed_uncertainty.png: OK
evidence_repair/figures/loss_ablation_heatmap_with_seed_uncertainty.pdf: OK
evidence_repair/figures/loss_ablation_heatmap_with_seed_uncertainty.png: OK
evidence_repair/figures/night3b_ablation_forest_publication_candidate.pdf: OK
evidence_repair/figures/night3b_ablation_forest_publication_candidate.png: OK
evidence_repair/figures/night3b_spatial_tradeoff_four_metrics.pdf: OK
evidence_repair/figures/night3b_spatial_tradeoff_four_metrics.png: OK
evidence_repair/figures/p22_all_ablation_seed_heterogeneity.pdf: OK
evidence_repair/figures/p22_all_ablation_seed_heterogeneity.png: OK
evidence_repair/figures/p22_cross_attention_negative_boundary.pdf: OK
evidence_repair/figures/p22_cross_attention_negative_boundary.png: OK
evidence_repair/metric_direction_registry.json: OK
evidence_repair/night3b_corrected_win_counts.csv: OK
evidence_repair/night3b_exact_diff_report.json: OK
label_free_cache_manifest.json: OK
logs/gse263617_parallel_download.log: OK
logs/night3b_final_immutability.log: OK
logs/p1_evidence_repair.log: OK
logs/p1_evidence_repair_attempt2.log: OK
logs/p1_evidence_repair_attempt3.log: OK
logs/p1_evidence_repair_attempt4.log: OK
logs/p1_tests.log: OK
logs/p2_label_free.log: OK
logs/tests_final.log: OK
night4a_completion.json: OK
night4a_gate_status.json: OK
night4a_report.md: OK
night4b_benchmark_matrix_proposal.csv: OK
night4b_benchmark_matrix_proposal.json: OK
night4b_protocol_draft.json: OK
observation_alignment_report.json: OK
postlock_label_audit.json: OK
protocol_deviations.json: OK
raw_file_manifest.json: OK
resource_summary.json: OK
semantic_label_access_log.jsonl: OK
shutdown_confirmation.json: OK
