artifact_inventory.json: OK
attention_summary.csv: OK
config_lock.json: OK
deterministic_pca_protocol.json: OK
failure_index.json: OK
figures/ige_attention_trajectories.pdf: OK
figures/ige_attention_trajectories.png: OK
figures/ige_initial_weights.pdf: OK
figures/ige_initial_weights.png: OK
figures/ige_loss_contribution_trajectories.pdf: OK
figures/ige_loss_contribution_trajectories.png: OK
figures/label_spatial_tradeoff.pdf: OK
figures/label_spatial_tradeoff.png: OK
figures/spatial_maps_a1.pdf: OK
figures/spatial_maps_a1.png: OK
figures/spatial_maps_p22.pdf: OK
figures/spatial_maps_p22.png: OK
figures/spatial_maps_placenta.pdf: OK
figures/spatial_maps_placenta.png: OK
figures/weighted_gradient_influence_trajectories.pdf: OK
figures/weighted_gradient_influence_trajectories.png: OK
gradient_influence_trajectories.csv: OK
ige_gradient_parameters.csv: OK
ige_initial_gradients.csv: OK
ige_weights.csv: OK
integrity_read_manifest.json: OK
label_flow_audit.md: OK
locked_60_run_manifest.json: OK
loss_trajectories.csv: OK
night2c_bridge.csv: OK
night3af_completion.json: OK
night3af_gate_status.json: OK
night3af_p0b.json: OK
night3af_p0d.json: OK
night3af_report.md: OK
p0d_cross_process_comparison.json: OK
p0d_process_a.json: OK
p0d_process_b.json: OK
p0d_tests.log: OK
paired_deltas.csv: OK
pca_old_new_diagnosis.json: OK
per_domain_metrics.csv: OK
per_seed_metrics.csv: OK
preprocessing_cache/a1/adj_feature_omics1_indices.npy: OK
preprocessing_cache/a1/adj_feature_omics1_values.npy: OK
preprocessing_cache/a1/adj_feature_omics2_indices.npy: OK
preprocessing_cache/a1/adj_feature_omics2_values.npy: OK
preprocessing_cache/a1/adj_spatial_omics1_indices.npy: OK
preprocessing_cache/a1/adj_spatial_omics1_values.npy: OK
preprocessing_cache/a1/adj_spatial_omics2_indices.npy: OK
preprocessing_cache/a1/adj_spatial_omics2_values.npy: OK
preprocessing_cache/a1/coordinates.npy: OK
preprocessing_cache/a1/features_omics1.npy: OK
preprocessing_cache/a1/features_omics2.npy: OK
preprocessing_cache/a1/manifest.json: OK
preprocessing_cache/a1/metadata.json: OK
preprocessing_cache/a1/observation_ids.tsv: OK
preprocessing_cache/a1/rna_pca_explained_variance.npy: OK
preprocessing_cache/a1/rna_pca_explained_variance_ratio.npy: OK
preprocessing_cache/a1/rna_pca_scores.npy: OK
preprocessing_cache/a1/selected_genes.tsv: OK
preprocessing_cache/a1/weight_vector_omics1.npy: OK
preprocessing_cache/p22/adj_feature_omics1_indices.npy: OK
preprocessing_cache/p22/adj_feature_omics1_values.npy: OK
preprocessing_cache/p22/adj_feature_omics2_indices.npy: OK
preprocessing_cache/p22/adj_feature_omics2_values.npy: OK
preprocessing_cache/p22/adj_spatial_omics1_indices.npy: OK
preprocessing_cache/p22/adj_spatial_omics1_values.npy: OK
preprocessing_cache/p22/adj_spatial_omics2_indices.npy: OK
preprocessing_cache/p22/adj_spatial_omics2_values.npy: OK
preprocessing_cache/p22/coordinates.npy: OK
preprocessing_cache/p22/features_omics1.npy: OK
preprocessing_cache/p22/features_omics2.npy: OK
preprocessing_cache/p22/manifest.json: OK
preprocessing_cache/p22/metadata.json: OK
preprocessing_cache/p22/observation_ids.tsv: OK
preprocessing_cache/p22/rna_pca_explained_variance.npy: OK
preprocessing_cache/p22/rna_pca_explained_variance_ratio.npy: OK
preprocessing_cache/p22/rna_pca_scores.npy: OK
preprocessing_cache/p22/selected_genes.tsv: OK
preprocessing_cache/p22/weight_vector_omics1.npy: OK
preprocessing_cache/placenta/adj_feature_omics1_indices.npy: OK
preprocessing_cache/placenta/adj_feature_omics1_values.npy: OK
preprocessing_cache/placenta/adj_feature_omics2_indices.npy: OK
preprocessing_cache/placenta/adj_feature_omics2_values.npy: OK
preprocessing_cache/placenta/adj_spatial_omics1_indices.npy: OK
preprocessing_cache/placenta/adj_spatial_omics1_values.npy: OK
preprocessing_cache/placenta/adj_spatial_omics2_indices.npy: OK
preprocessing_cache/placenta/adj_spatial_omics2_values.npy: OK
preprocessing_cache/placenta/coordinates.npy: OK
preprocessing_cache/placenta/features_omics1.npy: OK
preprocessing_cache/placenta/features_omics2.npy: OK
preprocessing_cache/placenta/manifest.json: OK
preprocessing_cache/placenta/metadata.json: OK
preprocessing_cache/placenta/observation_ids.tsv: OK
preprocessing_cache/placenta/rna_pca_explained_variance.npy: OK
preprocessing_cache/placenta/rna_pca_explained_variance_ratio.npy: OK
preprocessing_cache/placenta/rna_pca_scores.npy: OK
preprocessing_cache/placenta/selected_genes.tsv: OK
preprocessing_cache/placenta/weight_vector_omics1.npy: OK
preprocessing_cache_manifest.json: OK
preregistered_run_order.json: OK
representative_seeds.json: OK
resource_usage.csv: OK
runs/a1/C0/seed_0/attention.npz: OK
runs/a1/C0/seed_0/checkpoint_index.csv: OK
runs/a1/C0/seed_0/clusters.csv: OK
runs/a1/C0/seed_0/embedding.npz: OK
runs/a1/C0/seed_0/gradient_influence_trajectory.csv: OK
runs/a1/C0/seed_0/loss_trajectory.csv: OK
runs/a1/C0/seed_0/model_final.pt: OK
runs/a1/C0/seed_0/observation_ids.csv: OK
runs/a1/C0/seed_0/run_config.json: OK
runs/a1/C0/seed_0/run_manifest.json: OK
runs/a1/C0/seed_1/attention.npz: OK
runs/a1/C0/seed_1/checkpoint_index.csv: OK
runs/a1/C0/seed_1/clusters.csv: OK
runs/a1/C0/seed_1/embedding.npz: OK
runs/a1/C0/seed_1/gradient_influence_trajectory.csv: OK
runs/a1/C0/seed_1/loss_trajectory.csv: OK
runs/a1/C0/seed_1/model_final.pt: OK
runs/a1/C0/seed_1/observation_ids.csv: OK
runs/a1/C0/seed_1/run_config.json: OK
runs/a1/C0/seed_1/run_manifest.json: OK
runs/a1/C0/seed_2/attention.npz: OK
runs/a1/C0/seed_2/checkpoint_index.csv: OK
runs/a1/C0/seed_2/clusters.csv: OK
runs/a1/C0/seed_2/embedding.npz: OK
runs/a1/C0/seed_2/gradient_influence_trajectory.csv: OK
runs/a1/C0/seed_2/loss_trajectory.csv: OK
runs/a1/C0/seed_2/model_final.pt: OK
runs/a1/C0/seed_2/observation_ids.csv: OK
runs/a1/C0/seed_2/run_config.json: OK
runs/a1/C0/seed_2/run_manifest.json: OK
runs/a1/C0/seed_3/attention.npz: OK
runs/a1/C0/seed_3/checkpoint_index.csv: OK
runs/a1/C0/seed_3/clusters.csv: OK
runs/a1/C0/seed_3/embedding.npz: OK
runs/a1/C0/seed_3/gradient_influence_trajectory.csv: OK
runs/a1/C0/seed_3/loss_trajectory.csv: OK
runs/a1/C0/seed_3/model_final.pt: OK
runs/a1/C0/seed_3/observation_ids.csv: OK
runs/a1/C0/seed_3/run_config.json: OK
runs/a1/C0/seed_3/run_manifest.json: OK
runs/a1/C0/seed_4/attention.npz: OK
runs/a1/C0/seed_4/checkpoint_index.csv: OK
runs/a1/C0/seed_4/clusters.csv: OK
runs/a1/C0/seed_4/embedding.npz: OK
runs/a1/C0/seed_4/gradient_influence_trajectory.csv: OK
runs/a1/C0/seed_4/loss_trajectory.csv: OK
runs/a1/C0/seed_4/model_final.pt: OK
runs/a1/C0/seed_4/observation_ids.csv: OK
runs/a1/C0/seed_4/run_config.json: OK
runs/a1/C0/seed_4/run_manifest.json: OK
runs/a1/C1/seed_0/attention.npz: OK
runs/a1/C1/seed_0/checkpoint_index.csv: OK
runs/a1/C1/seed_0/clusters.csv: OK
runs/a1/C1/seed_0/embedding.npz: OK
runs/a1/C1/seed_0/gradient_influence_trajectory.csv: OK
runs/a1/C1/seed_0/loss_trajectory.csv: OK
runs/a1/C1/seed_0/model_final.pt: OK
runs/a1/C1/seed_0/observation_ids.csv: OK
runs/a1/C1/seed_0/run_config.json: OK
runs/a1/C1/seed_0/run_manifest.json: OK
runs/a1/C1/seed_1/attention.npz: OK
runs/a1/C1/seed_1/checkpoint_index.csv: OK
runs/a1/C1/seed_1/clusters.csv: OK
runs/a1/C1/seed_1/embedding.npz: OK
runs/a1/C1/seed_1/gradient_influence_trajectory.csv: OK
runs/a1/C1/seed_1/loss_trajectory.csv: OK
runs/a1/C1/seed_1/model_final.pt: OK
runs/a1/C1/seed_1/observation_ids.csv: OK
runs/a1/C1/seed_1/run_config.json: OK
runs/a1/C1/seed_1/run_manifest.json: OK
runs/a1/C1/seed_2/attention.npz: OK
runs/a1/C1/seed_2/checkpoint_index.csv: OK
runs/a1/C1/seed_2/clusters.csv: OK
runs/a1/C1/seed_2/embedding.npz: OK
runs/a1/C1/seed_2/gradient_influence_trajectory.csv: OK
runs/a1/C1/seed_2/loss_trajectory.csv: OK
runs/a1/C1/seed_2/model_final.pt: OK
runs/a1/C1/seed_2/observation_ids.csv: OK
runs/a1/C1/seed_2/run_config.json: OK
runs/a1/C1/seed_2/run_manifest.json: OK
runs/a1/C1/seed_3/attention.npz: OK
runs/a1/C1/seed_3/checkpoint_index.csv: OK
runs/a1/C1/seed_3/clusters.csv: OK
runs/a1/C1/seed_3/embedding.npz: OK
runs/a1/C1/seed_3/gradient_influence_trajectory.csv: OK
runs/a1/C1/seed_3/loss_trajectory.csv: OK
runs/a1/C1/seed_3/model_final.pt: OK
runs/a1/C1/seed_3/observation_ids.csv: OK
runs/a1/C1/seed_3/run_config.json: OK
runs/a1/C1/seed_3/run_manifest.json: OK
runs/a1/C1/seed_4/attention.npz: OK
runs/a1/C1/seed_4/checkpoint_index.csv: OK
runs/a1/C1/seed_4/clusters.csv: OK
runs/a1/C1/seed_4/embedding.npz: OK
runs/a1/C1/seed_4/gradient_influence_trajectory.csv: OK
runs/a1/C1/seed_4/loss_trajectory.csv: OK
runs/a1/C1/seed_4/model_final.pt: OK
runs/a1/C1/seed_4/observation_ids.csv: OK
runs/a1/C1/seed_4/run_config.json: OK
runs/a1/C1/seed_4/run_manifest.json: OK
runs/a1/IGE/seed_0/attention.npz: OK
runs/a1/IGE/seed_0/checkpoint_index.csv: OK
runs/a1/IGE/seed_0/clusters.csv: OK
runs/a1/IGE/seed_0/embedding.npz: OK
runs/a1/IGE/seed_0/gradient_influence_trajectory.csv: OK
runs/a1/IGE/seed_0/loss_trajectory.csv: OK
runs/a1/IGE/seed_0/model_final.pt: OK
runs/a1/IGE/seed_0/observation_ids.csv: OK
runs/a1/IGE/seed_0/run_config.json: OK
runs/a1/IGE/seed_0/run_manifest.json: OK
runs/a1/IGE/seed_1/attention.npz: OK
runs/a1/IGE/seed_1/checkpoint_index.csv: OK
runs/a1/IGE/seed_1/clusters.csv: OK
runs/a1/IGE/seed_1/embedding.npz: OK
runs/a1/IGE/seed_1/gradient_influence_trajectory.csv: OK
runs/a1/IGE/seed_1/loss_trajectory.csv: OK
runs/a1/IGE/seed_1/model_final.pt: OK
runs/a1/IGE/seed_1/observation_ids.csv: OK
runs/a1/IGE/seed_1/run_config.json: OK
runs/a1/IGE/seed_1/run_manifest.json: OK
runs/a1/IGE/seed_2/attention.npz: OK
runs/a1/IGE/seed_2/checkpoint_index.csv: OK
runs/a1/IGE/seed_2/clusters.csv: OK
runs/a1/IGE/seed_2/embedding.npz: OK
runs/a1/IGE/seed_2/gradient_influence_trajectory.csv: OK
runs/a1/IGE/seed_2/loss_trajectory.csv: OK
runs/a1/IGE/seed_2/model_final.pt: OK
runs/a1/IGE/seed_2/observation_ids.csv: OK
runs/a1/IGE/seed_2/run_config.json: OK
runs/a1/IGE/seed_2/run_manifest.json: OK
runs/a1/IGE/seed_3/attention.npz: OK
runs/a1/IGE/seed_3/checkpoint_index.csv: OK
runs/a1/IGE/seed_3/clusters.csv: OK
runs/a1/IGE/seed_3/embedding.npz: OK
runs/a1/IGE/seed_3/gradient_influence_trajectory.csv: OK
runs/a1/IGE/seed_3/loss_trajectory.csv: OK
runs/a1/IGE/seed_3/model_final.pt: OK
runs/a1/IGE/seed_3/observation_ids.csv: OK
runs/a1/IGE/seed_3/run_config.json: OK
runs/a1/IGE/seed_3/run_manifest.json: OK
runs/a1/IGE/seed_4/attention.npz: OK
runs/a1/IGE/seed_4/checkpoint_index.csv: OK
runs/a1/IGE/seed_4/clusters.csv: OK
runs/a1/IGE/seed_4/embedding.npz: OK
runs/a1/IGE/seed_4/gradient_influence_trajectory.csv: OK
runs/a1/IGE/seed_4/loss_trajectory.csv: OK
runs/a1/IGE/seed_4/model_final.pt: OK
runs/a1/IGE/seed_4/observation_ids.csv: OK
runs/a1/IGE/seed_4/run_config.json: OK
runs/a1/IGE/seed_4/run_manifest.json: OK
runs/a1/ILN/seed_0/attention.npz: OK
runs/a1/ILN/seed_0/checkpoint_index.csv: OK
runs/a1/ILN/seed_0/clusters.csv: OK
runs/a1/ILN/seed_0/embedding.npz: OK
runs/a1/ILN/seed_0/gradient_influence_trajectory.csv: OK
runs/a1/ILN/seed_0/loss_trajectory.csv: OK
runs/a1/ILN/seed_0/model_final.pt: OK
runs/a1/ILN/seed_0/observation_ids.csv: OK
runs/a1/ILN/seed_0/run_config.json: OK
runs/a1/ILN/seed_0/run_manifest.json: OK
runs/a1/ILN/seed_1/attention.npz: OK
runs/a1/ILN/seed_1/checkpoint_index.csv: OK
runs/a1/ILN/seed_1/clusters.csv: OK
runs/a1/ILN/seed_1/embedding.npz: OK
runs/a1/ILN/seed_1/gradient_influence_trajectory.csv: OK
runs/a1/ILN/seed_1/loss_trajectory.csv: OK
runs/a1/ILN/seed_1/model_final.pt: OK
runs/a1/ILN/seed_1/observation_ids.csv: OK
runs/a1/ILN/seed_1/run_config.json: OK
runs/a1/ILN/seed_1/run_manifest.json: OK
runs/a1/ILN/seed_2/attention.npz: OK
runs/a1/ILN/seed_2/checkpoint_index.csv: OK
runs/a1/ILN/seed_2/clusters.csv: OK
runs/a1/ILN/seed_2/embedding.npz: OK
runs/a1/ILN/seed_2/gradient_influence_trajectory.csv: OK
runs/a1/ILN/seed_2/loss_trajectory.csv: OK
runs/a1/ILN/seed_2/model_final.pt: OK
runs/a1/ILN/seed_2/observation_ids.csv: OK
runs/a1/ILN/seed_2/run_config.json: OK
runs/a1/ILN/seed_2/run_manifest.json: OK
runs/a1/ILN/seed_3/attention.npz: OK
runs/a1/ILN/seed_3/checkpoint_index.csv: OK
runs/a1/ILN/seed_3/clusters.csv: OK
runs/a1/ILN/seed_3/embedding.npz: OK
runs/a1/ILN/seed_3/gradient_influence_trajectory.csv: OK
runs/a1/ILN/seed_3/loss_trajectory.csv: OK
runs/a1/ILN/seed_3/model_final.pt: OK
runs/a1/ILN/seed_3/observation_ids.csv: OK
runs/a1/ILN/seed_3/run_config.json: OK
runs/a1/ILN/seed_3/run_manifest.json: OK
runs/a1/ILN/seed_4/attention.npz: OK
runs/a1/ILN/seed_4/checkpoint_index.csv: OK
runs/a1/ILN/seed_4/clusters.csv: OK
runs/a1/ILN/seed_4/embedding.npz: OK
runs/a1/ILN/seed_4/gradient_influence_trajectory.csv: OK
runs/a1/ILN/seed_4/loss_trajectory.csv: OK
runs/a1/ILN/seed_4/model_final.pt: OK
runs/a1/ILN/seed_4/observation_ids.csv: OK
runs/a1/ILN/seed_4/run_config.json: OK
runs/a1/ILN/seed_4/run_manifest.json: OK
runs/p22/C0/seed_0/attention.npz: OK
runs/p22/C0/seed_0/checkpoint_index.csv: OK
runs/p22/C0/seed_0/clusters.csv: OK
runs/p22/C0/seed_0/embedding.npz: OK
runs/p22/C0/seed_0/gradient_influence_trajectory.csv: OK
runs/p22/C0/seed_0/loss_trajectory.csv: OK
runs/p22/C0/seed_0/model_final.pt: OK
runs/p22/C0/seed_0/observation_ids.csv: OK
runs/p22/C0/seed_0/run_config.json: OK
runs/p22/C0/seed_0/run_manifest.json: OK
runs/p22/C0/seed_1/attention.npz: OK
runs/p22/C0/seed_1/checkpoint_index.csv: OK
runs/p22/C0/seed_1/clusters.csv: OK
runs/p22/C0/seed_1/embedding.npz: OK
runs/p22/C0/seed_1/gradient_influence_trajectory.csv: OK
runs/p22/C0/seed_1/loss_trajectory.csv: OK
runs/p22/C0/seed_1/model_final.pt: OK
runs/p22/C0/seed_1/observation_ids.csv: OK
runs/p22/C0/seed_1/run_config.json: OK
runs/p22/C0/seed_1/run_manifest.json: OK
runs/p22/C0/seed_2/attention.npz: OK
runs/p22/C0/seed_2/checkpoint_index.csv: OK
runs/p22/C0/seed_2/clusters.csv: OK
runs/p22/C0/seed_2/embedding.npz: OK
runs/p22/C0/seed_2/gradient_influence_trajectory.csv: OK
runs/p22/C0/seed_2/loss_trajectory.csv: OK
runs/p22/C0/seed_2/model_final.pt: OK
runs/p22/C0/seed_2/observation_ids.csv: OK
runs/p22/C0/seed_2/run_config.json: OK
runs/p22/C0/seed_2/run_manifest.json: OK
runs/p22/C0/seed_3/attention.npz: OK
runs/p22/C0/seed_3/checkpoint_index.csv: OK
runs/p22/C0/seed_3/clusters.csv: OK
runs/p22/C0/seed_3/embedding.npz: OK
runs/p22/C0/seed_3/gradient_influence_trajectory.csv: OK
runs/p22/C0/seed_3/loss_trajectory.csv: OK
runs/p22/C0/seed_3/model_final.pt: OK
runs/p22/C0/seed_3/observation_ids.csv: OK
runs/p22/C0/seed_3/run_config.json: OK
runs/p22/C0/seed_3/run_manifest.json: OK
runs/p22/C0/seed_4/attention.npz: OK
runs/p22/C0/seed_4/checkpoint_index.csv: OK
runs/p22/C0/seed_4/clusters.csv: OK
runs/p22/C0/seed_4/embedding.npz: OK
runs/p22/C0/seed_4/gradient_influence_trajectory.csv: OK
runs/p22/C0/seed_4/loss_trajectory.csv: OK
runs/p22/C0/seed_4/model_final.pt: OK
runs/p22/C0/seed_4/observation_ids.csv: OK
runs/p22/C0/seed_4/run_config.json: OK
runs/p22/C0/seed_4/run_manifest.json: OK
runs/p22/C1/seed_0/attention.npz: OK
runs/p22/C1/seed_0/checkpoint_index.csv: OK
runs/p22/C1/seed_0/clusters.csv: OK
runs/p22/C1/seed_0/embedding.npz: OK
runs/p22/C1/seed_0/gradient_influence_trajectory.csv: OK
runs/p22/C1/seed_0/loss_trajectory.csv: OK
runs/p22/C1/seed_0/model_final.pt: OK
runs/p22/C1/seed_0/observation_ids.csv: OK
runs/p22/C1/seed_0/run_config.json: OK
runs/p22/C1/seed_0/run_manifest.json: OK
runs/p22/C1/seed_1/attention.npz: OK
runs/p22/C1/seed_1/checkpoint_index.csv: OK
runs/p22/C1/seed_1/clusters.csv: OK
runs/p22/C1/seed_1/embedding.npz: OK
runs/p22/C1/seed_1/gradient_influence_trajectory.csv: OK
runs/p22/C1/seed_1/loss_trajectory.csv: OK
runs/p22/C1/seed_1/model_final.pt: OK
runs/p22/C1/seed_1/observation_ids.csv: OK
runs/p22/C1/seed_1/run_config.json: OK
runs/p22/C1/seed_1/run_manifest.json: OK
runs/p22/C1/seed_2/attention.npz: OK
runs/p22/C1/seed_2/checkpoint_index.csv: OK
runs/p22/C1/seed_2/clusters.csv: OK
runs/p22/C1/seed_2/embedding.npz: OK
runs/p22/C1/seed_2/gradient_influence_trajectory.csv: OK
runs/p22/C1/seed_2/loss_trajectory.csv: OK
runs/p22/C1/seed_2/model_final.pt: OK
runs/p22/C1/seed_2/observation_ids.csv: OK
runs/p22/C1/seed_2/run_config.json: OK
runs/p22/C1/seed_2/run_manifest.json: OK
runs/p22/C1/seed_3/attention.npz: OK
runs/p22/C1/seed_3/checkpoint_index.csv: OK
runs/p22/C1/seed_3/clusters.csv: OK
runs/p22/C1/seed_3/embedding.npz: OK
runs/p22/C1/seed_3/gradient_influence_trajectory.csv: OK
runs/p22/C1/seed_3/loss_trajectory.csv: OK
runs/p22/C1/seed_3/model_final.pt: OK
runs/p22/C1/seed_3/observation_ids.csv: OK
runs/p22/C1/seed_3/run_config.json: OK
runs/p22/C1/seed_3/run_manifest.json: OK
runs/p22/C1/seed_4/attention.npz: OK
runs/p22/C1/seed_4/checkpoint_index.csv: OK
runs/p22/C1/seed_4/clusters.csv: OK
runs/p22/C1/seed_4/embedding.npz: OK
runs/p22/C1/seed_4/gradient_influence_trajectory.csv: OK
runs/p22/C1/seed_4/loss_trajectory.csv: OK
runs/p22/C1/seed_4/model_final.pt: OK
runs/p22/C1/seed_4/observation_ids.csv: OK
runs/p22/C1/seed_4/run_config.json: OK
runs/p22/C1/seed_4/run_manifest.json: OK
runs/p22/IGE/seed_0/attention.npz: OK
runs/p22/IGE/seed_0/checkpoint_index.csv: OK
runs/p22/IGE/seed_0/clusters.csv: OK
runs/p22/IGE/seed_0/embedding.npz: OK
runs/p22/IGE/seed_0/gradient_influence_trajectory.csv: OK
runs/p22/IGE/seed_0/loss_trajectory.csv: OK
runs/p22/IGE/seed_0/model_final.pt: OK
runs/p22/IGE/seed_0/observation_ids.csv: OK
runs/p22/IGE/seed_0/run_config.json: OK
runs/p22/IGE/seed_0/run_manifest.json: OK
runs/p22/IGE/seed_1/attention.npz: OK
runs/p22/IGE/seed_1/checkpoint_index.csv: OK
runs/p22/IGE/seed_1/clusters.csv: OK
runs/p22/IGE/seed_1/embedding.npz: OK
runs/p22/IGE/seed_1/gradient_influence_trajectory.csv: OK
runs/p22/IGE/seed_1/loss_trajectory.csv: OK
runs/p22/IGE/seed_1/model_final.pt: OK
runs/p22/IGE/seed_1/observation_ids.csv: OK
runs/p22/IGE/seed_1/run_config.json: OK
runs/p22/IGE/seed_1/run_manifest.json: OK
runs/p22/IGE/seed_2/attention.npz: OK
runs/p22/IGE/seed_2/checkpoint_index.csv: OK
runs/p22/IGE/seed_2/clusters.csv: OK
runs/p22/IGE/seed_2/embedding.npz: OK
runs/p22/IGE/seed_2/gradient_influence_trajectory.csv: OK
runs/p22/IGE/seed_2/loss_trajectory.csv: OK
runs/p22/IGE/seed_2/model_final.pt: OK
runs/p22/IGE/seed_2/observation_ids.csv: OK
runs/p22/IGE/seed_2/run_config.json: OK
runs/p22/IGE/seed_2/run_manifest.json: OK
runs/p22/IGE/seed_3/attention.npz: OK
runs/p22/IGE/seed_3/checkpoint_index.csv: OK
runs/p22/IGE/seed_3/clusters.csv: OK
runs/p22/IGE/seed_3/embedding.npz: OK
runs/p22/IGE/seed_3/gradient_influence_trajectory.csv: OK
runs/p22/IGE/seed_3/loss_trajectory.csv: OK
runs/p22/IGE/seed_3/model_final.pt: OK
runs/p22/IGE/seed_3/observation_ids.csv: OK
runs/p22/IGE/seed_3/run_config.json: OK
runs/p22/IGE/seed_3/run_manifest.json: OK
runs/p22/IGE/seed_4/attention.npz: OK
runs/p22/IGE/seed_4/checkpoint_index.csv: OK
runs/p22/IGE/seed_4/clusters.csv: OK
runs/p22/IGE/seed_4/embedding.npz: OK
runs/p22/IGE/seed_4/gradient_influence_trajectory.csv: OK
runs/p22/IGE/seed_4/loss_trajectory.csv: OK
runs/p22/IGE/seed_4/model_final.pt: OK
runs/p22/IGE/seed_4/observation_ids.csv: OK
runs/p22/IGE/seed_4/run_config.json: OK
runs/p22/IGE/seed_4/run_manifest.json: OK
runs/p22/ILN/seed_0/attention.npz: OK
runs/p22/ILN/seed_0/checkpoint_index.csv: OK
runs/p22/ILN/seed_0/clusters.csv: OK
runs/p22/ILN/seed_0/embedding.npz: OK
runs/p22/ILN/seed_0/gradient_influence_trajectory.csv: OK
runs/p22/ILN/seed_0/loss_trajectory.csv: OK
runs/p22/ILN/seed_0/model_final.pt: OK
runs/p22/ILN/seed_0/observation_ids.csv: OK
runs/p22/ILN/seed_0/run_config.json: OK
runs/p22/ILN/seed_0/run_manifest.json: OK
runs/p22/ILN/seed_1/attention.npz: OK
runs/p22/ILN/seed_1/checkpoint_index.csv: OK
runs/p22/ILN/seed_1/clusters.csv: OK
runs/p22/ILN/seed_1/embedding.npz: OK
runs/p22/ILN/seed_1/gradient_influence_trajectory.csv: OK
runs/p22/ILN/seed_1/loss_trajectory.csv: OK
runs/p22/ILN/seed_1/model_final.pt: OK
runs/p22/ILN/seed_1/observation_ids.csv: OK
runs/p22/ILN/seed_1/run_config.json: OK
runs/p22/ILN/seed_1/run_manifest.json: OK
runs/p22/ILN/seed_2/attention.npz: OK
runs/p22/ILN/seed_2/checkpoint_index.csv: OK
runs/p22/ILN/seed_2/clusters.csv: OK
runs/p22/ILN/seed_2/embedding.npz: OK
runs/p22/ILN/seed_2/gradient_influence_trajectory.csv: OK
runs/p22/ILN/seed_2/loss_trajectory.csv: OK
runs/p22/ILN/seed_2/model_final.pt: OK
runs/p22/ILN/seed_2/observation_ids.csv: OK
runs/p22/ILN/seed_2/run_config.json: OK
runs/p22/ILN/seed_2/run_manifest.json: OK
runs/p22/ILN/seed_3/attention.npz: OK
runs/p22/ILN/seed_3/checkpoint_index.csv: OK
runs/p22/ILN/seed_3/clusters.csv: OK
runs/p22/ILN/seed_3/embedding.npz: OK
runs/p22/ILN/seed_3/gradient_influence_trajectory.csv: OK
runs/p22/ILN/seed_3/loss_trajectory.csv: OK
runs/p22/ILN/seed_3/model_final.pt: OK
runs/p22/ILN/seed_3/observation_ids.csv: OK
runs/p22/ILN/seed_3/run_config.json: OK
runs/p22/ILN/seed_3/run_manifest.json: OK
runs/p22/ILN/seed_4/attention.npz: OK
runs/p22/ILN/seed_4/checkpoint_index.csv: OK
runs/p22/ILN/seed_4/clusters.csv: OK
runs/p22/ILN/seed_4/embedding.npz: OK
runs/p22/ILN/seed_4/gradient_influence_trajectory.csv: OK
runs/p22/ILN/seed_4/loss_trajectory.csv: OK
runs/p22/ILN/seed_4/model_final.pt: OK
runs/p22/ILN/seed_4/observation_ids.csv: OK
runs/p22/ILN/seed_4/run_config.json: OK
runs/p22/ILN/seed_4/run_manifest.json: OK
runs/placenta/C0/seed_0/attention.npz: OK
runs/placenta/C0/seed_0/checkpoint_index.csv: OK
runs/placenta/C0/seed_0/clusters.csv: OK
runs/placenta/C0/seed_0/embedding.npz: OK
runs/placenta/C0/seed_0/gradient_influence_trajectory.csv: OK
runs/placenta/C0/seed_0/loss_trajectory.csv: OK
runs/placenta/C0/seed_0/model_final.pt: OK
runs/placenta/C0/seed_0/observation_ids.csv: OK
runs/placenta/C0/seed_0/run_config.json: OK
runs/placenta/C0/seed_0/run_manifest.json: OK
runs/placenta/C0/seed_1/attention.npz: OK
runs/placenta/C0/seed_1/checkpoint_index.csv: OK
runs/placenta/C0/seed_1/clusters.csv: OK
runs/placenta/C0/seed_1/embedding.npz: OK
runs/placenta/C0/seed_1/gradient_influence_trajectory.csv: OK
runs/placenta/C0/seed_1/loss_trajectory.csv: OK
runs/placenta/C0/seed_1/model_final.pt: OK
runs/placenta/C0/seed_1/observation_ids.csv: OK
runs/placenta/C0/seed_1/run_config.json: OK
runs/placenta/C0/seed_1/run_manifest.json: OK
runs/placenta/C0/seed_2/attention.npz: OK
runs/placenta/C0/seed_2/checkpoint_index.csv: OK
runs/placenta/C0/seed_2/clusters.csv: OK
runs/placenta/C0/seed_2/embedding.npz: OK
runs/placenta/C0/seed_2/gradient_influence_trajectory.csv: OK
runs/placenta/C0/seed_2/loss_trajectory.csv: OK
runs/placenta/C0/seed_2/model_final.pt: OK
runs/placenta/C0/seed_2/observation_ids.csv: OK
runs/placenta/C0/seed_2/run_config.json: OK
runs/placenta/C0/seed_2/run_manifest.json: OK
runs/placenta/C0/seed_3/attention.npz: OK
runs/placenta/C0/seed_3/checkpoint_index.csv: OK
runs/placenta/C0/seed_3/clusters.csv: OK
runs/placenta/C0/seed_3/embedding.npz: OK
runs/placenta/C0/seed_3/gradient_influence_trajectory.csv: OK
runs/placenta/C0/seed_3/loss_trajectory.csv: OK
runs/placenta/C0/seed_3/model_final.pt: OK
runs/placenta/C0/seed_3/observation_ids.csv: OK
runs/placenta/C0/seed_3/run_config.json: OK
runs/placenta/C0/seed_3/run_manifest.json: OK
runs/placenta/C0/seed_4/attention.npz: OK
runs/placenta/C0/seed_4/checkpoint_index.csv: OK
runs/placenta/C0/seed_4/clusters.csv: OK
runs/placenta/C0/seed_4/embedding.npz: OK
runs/placenta/C0/seed_4/gradient_influence_trajectory.csv: OK
runs/placenta/C0/seed_4/loss_trajectory.csv: OK
runs/placenta/C0/seed_4/model_final.pt: OK
runs/placenta/C0/seed_4/observation_ids.csv: OK
runs/placenta/C0/seed_4/run_config.json: OK
runs/placenta/C0/seed_4/run_manifest.json: OK
runs/placenta/C1/seed_0/attention.npz: OK
runs/placenta/C1/seed_0/checkpoint_index.csv: OK
runs/placenta/C1/seed_0/clusters.csv: OK
runs/placenta/C1/seed_0/embedding.npz: OK
runs/placenta/C1/seed_0/gradient_influence_trajectory.csv: OK
runs/placenta/C1/seed_0/loss_trajectory.csv: OK
runs/placenta/C1/seed_0/model_final.pt: OK
runs/placenta/C1/seed_0/observation_ids.csv: OK
runs/placenta/C1/seed_0/run_config.json: OK
runs/placenta/C1/seed_0/run_manifest.json: OK
runs/placenta/C1/seed_1/attention.npz: OK
runs/placenta/C1/seed_1/checkpoint_index.csv: OK
runs/placenta/C1/seed_1/clusters.csv: OK
runs/placenta/C1/seed_1/embedding.npz: OK
runs/placenta/C1/seed_1/gradient_influence_trajectory.csv: OK
runs/placenta/C1/seed_1/loss_trajectory.csv: OK
runs/placenta/C1/seed_1/model_final.pt: OK
runs/placenta/C1/seed_1/observation_ids.csv: OK
runs/placenta/C1/seed_1/run_config.json: OK
runs/placenta/C1/seed_1/run_manifest.json: OK
runs/placenta/C1/seed_2/attention.npz: OK
runs/placenta/C1/seed_2/checkpoint_index.csv: OK
runs/placenta/C1/seed_2/clusters.csv: OK
runs/placenta/C1/seed_2/embedding.npz: OK
runs/placenta/C1/seed_2/gradient_influence_trajectory.csv: OK
runs/placenta/C1/seed_2/loss_trajectory.csv: OK
runs/placenta/C1/seed_2/model_final.pt: OK
runs/placenta/C1/seed_2/observation_ids.csv: OK
runs/placenta/C1/seed_2/run_config.json: OK
runs/placenta/C1/seed_2/run_manifest.json: OK
runs/placenta/C1/seed_3/attention.npz: OK
runs/placenta/C1/seed_3/checkpoint_index.csv: OK
runs/placenta/C1/seed_3/clusters.csv: OK
runs/placenta/C1/seed_3/embedding.npz: OK
runs/placenta/C1/seed_3/gradient_influence_trajectory.csv: OK
runs/placenta/C1/seed_3/loss_trajectory.csv: OK
runs/placenta/C1/seed_3/model_final.pt: OK
runs/placenta/C1/seed_3/observation_ids.csv: OK
runs/placenta/C1/seed_3/run_config.json: OK
runs/placenta/C1/seed_3/run_manifest.json: OK
runs/placenta/C1/seed_4/attention.npz: OK
runs/placenta/C1/seed_4/checkpoint_index.csv: OK
runs/placenta/C1/seed_4/clusters.csv: OK
runs/placenta/C1/seed_4/embedding.npz: OK
runs/placenta/C1/seed_4/gradient_influence_trajectory.csv: OK
runs/placenta/C1/seed_4/loss_trajectory.csv: OK
runs/placenta/C1/seed_4/model_final.pt: OK
runs/placenta/C1/seed_4/observation_ids.csv: OK
runs/placenta/C1/seed_4/run_config.json: OK
runs/placenta/C1/seed_4/run_manifest.json: OK
runs/placenta/IGE/seed_0/attention.npz: OK
runs/placenta/IGE/seed_0/checkpoint_index.csv: OK
runs/placenta/IGE/seed_0/clusters.csv: OK
runs/placenta/IGE/seed_0/embedding.npz: OK
runs/placenta/IGE/seed_0/gradient_influence_trajectory.csv: OK
runs/placenta/IGE/seed_0/loss_trajectory.csv: OK
runs/placenta/IGE/seed_0/model_final.pt: OK
runs/placenta/IGE/seed_0/observation_ids.csv: OK
runs/placenta/IGE/seed_0/run_config.json: OK
runs/placenta/IGE/seed_0/run_manifest.json: OK
runs/placenta/IGE/seed_1/attention.npz: OK
runs/placenta/IGE/seed_1/checkpoint_index.csv: OK
runs/placenta/IGE/seed_1/clusters.csv: OK
runs/placenta/IGE/seed_1/embedding.npz: OK
runs/placenta/IGE/seed_1/gradient_influence_trajectory.csv: OK
runs/placenta/IGE/seed_1/loss_trajectory.csv: OK
runs/placenta/IGE/seed_1/model_final.pt: OK
runs/placenta/IGE/seed_1/observation_ids.csv: OK
runs/placenta/IGE/seed_1/run_config.json: OK
runs/placenta/IGE/seed_1/run_manifest.json: OK
runs/placenta/IGE/seed_2/attention.npz: OK
runs/placenta/IGE/seed_2/checkpoint_index.csv: OK
runs/placenta/IGE/seed_2/clusters.csv: OK
runs/placenta/IGE/seed_2/embedding.npz: OK
runs/placenta/IGE/seed_2/gradient_influence_trajectory.csv: OK
runs/placenta/IGE/seed_2/loss_trajectory.csv: OK
runs/placenta/IGE/seed_2/model_final.pt: OK
runs/placenta/IGE/seed_2/observation_ids.csv: OK
runs/placenta/IGE/seed_2/run_config.json: OK
runs/placenta/IGE/seed_2/run_manifest.json: OK
runs/placenta/IGE/seed_3/attention.npz: OK
runs/placenta/IGE/seed_3/checkpoint_index.csv: OK
runs/placenta/IGE/seed_3/clusters.csv: OK
runs/placenta/IGE/seed_3/embedding.npz: OK
runs/placenta/IGE/seed_3/gradient_influence_trajectory.csv: OK
runs/placenta/IGE/seed_3/loss_trajectory.csv: OK
runs/placenta/IGE/seed_3/model_final.pt: OK
runs/placenta/IGE/seed_3/observation_ids.csv: OK
runs/placenta/IGE/seed_3/run_config.json: OK
runs/placenta/IGE/seed_3/run_manifest.json: OK
runs/placenta/IGE/seed_4/attention.npz: OK
runs/placenta/IGE/seed_4/checkpoint_index.csv: OK
runs/placenta/IGE/seed_4/clusters.csv: OK
runs/placenta/IGE/seed_4/embedding.npz: OK
runs/placenta/IGE/seed_4/gradient_influence_trajectory.csv: OK
runs/placenta/IGE/seed_4/loss_trajectory.csv: OK
runs/placenta/IGE/seed_4/model_final.pt: OK
runs/placenta/IGE/seed_4/observation_ids.csv: OK
runs/placenta/IGE/seed_4/run_config.json: OK
runs/placenta/IGE/seed_4/run_manifest.json: OK
runs/placenta/ILN/seed_0/attention.npz: OK
runs/placenta/ILN/seed_0/checkpoint_index.csv: OK
runs/placenta/ILN/seed_0/clusters.csv: OK
runs/placenta/ILN/seed_0/embedding.npz: OK
runs/placenta/ILN/seed_0/gradient_influence_trajectory.csv: OK
runs/placenta/ILN/seed_0/loss_trajectory.csv: OK
runs/placenta/ILN/seed_0/model_final.pt: OK
runs/placenta/ILN/seed_0/observation_ids.csv: OK
runs/placenta/ILN/seed_0/run_config.json: OK
runs/placenta/ILN/seed_0/run_manifest.json: OK
runs/placenta/ILN/seed_1/attention.npz: OK
runs/placenta/ILN/seed_1/checkpoint_index.csv: OK
runs/placenta/ILN/seed_1/clusters.csv: OK
runs/placenta/ILN/seed_1/embedding.npz: OK
runs/placenta/ILN/seed_1/gradient_influence_trajectory.csv: OK
runs/placenta/ILN/seed_1/loss_trajectory.csv: OK
runs/placenta/ILN/seed_1/model_final.pt: OK
runs/placenta/ILN/seed_1/observation_ids.csv: OK
runs/placenta/ILN/seed_1/run_config.json: OK
runs/placenta/ILN/seed_1/run_manifest.json: OK
runs/placenta/ILN/seed_2/attention.npz: OK
runs/placenta/ILN/seed_2/checkpoint_index.csv: OK
runs/placenta/ILN/seed_2/clusters.csv: OK
runs/placenta/ILN/seed_2/embedding.npz: OK
runs/placenta/ILN/seed_2/gradient_influence_trajectory.csv: OK
runs/placenta/ILN/seed_2/loss_trajectory.csv: OK
runs/placenta/ILN/seed_2/model_final.pt: OK
runs/placenta/ILN/seed_2/observation_ids.csv: OK
runs/placenta/ILN/seed_2/run_config.json: OK
runs/placenta/ILN/seed_2/run_manifest.json: OK
runs/placenta/ILN/seed_3/attention.npz: OK
runs/placenta/ILN/seed_3/checkpoint_index.csv: OK
runs/placenta/ILN/seed_3/clusters.csv: OK
runs/placenta/ILN/seed_3/embedding.npz: OK
runs/placenta/ILN/seed_3/gradient_influence_trajectory.csv: OK
runs/placenta/ILN/seed_3/loss_trajectory.csv: OK
runs/placenta/ILN/seed_3/model_final.pt: OK
runs/placenta/ILN/seed_3/observation_ids.csv: OK
runs/placenta/ILN/seed_3/run_config.json: OK
runs/placenta/ILN/seed_3/run_manifest.json: OK
runs/placenta/ILN/seed_4/attention.npz: OK
runs/placenta/ILN/seed_4/checkpoint_index.csv: OK
runs/placenta/ILN/seed_4/clusters.csv: OK
runs/placenta/ILN/seed_4/embedding.npz: OK
runs/placenta/ILN/seed_4/gradient_influence_trajectory.csv: OK
runs/placenta/ILN/seed_4/loss_trajectory.csv: OK
runs/placenta/ILN/seed_4/model_final.pt: OK
runs/placenta/ILN/seed_4/observation_ids.csv: OK
runs/placenta/ILN/seed_4/run_config.json: OK
runs/placenta/ILN/seed_4/run_manifest.json: OK
scientific_window_label_firewall.json: OK
shutdown_checklist.json: OK
summary.csv: OK
tests_final.log: OK
training_complete.json: OK
