./.gitignore: OK
./.idea/.gitignore: OK
./.idea/SpaLORA.iml: OK
./.idea/deployment.xml: OK
./.idea/inspectionProfiles/Project_Default.xml: OK
./.idea/inspectionProfiles/profiles_settings.xml: OK
./.idea/misc.xml: OK
./.idea/modules.xml: OK
./.idea/vcs.xml: OK
./.pytest_cache/.gitignore: OK
./.pytest_cache/CACHEDIR.TAG: OK
./.pytest_cache/README.md: OK
./.pytest_cache/v/cache/nodeids: OK
./.pytest_cache/v/cache/stepwise: OK
./README.md: OK
./SpaLORA/SpaLORA_pyG.py: OK
./SpaLORA/__pycache__/model_corrected.cpython-38.pyc: OK
./SpaLORA/__pycache__/night1_evaluation.cpython-38.pyc: OK
./SpaLORA/__pycache__/night1_pipeline.cpython-38.pyc: OK
./SpaLORA/__pycache__/night3a_ige.cpython-38.pyc: OK
./SpaLORA/__pycache__/preprocess.cpython-38.pyc: OK
./SpaLORA/model.py: OK
./SpaLORA/model_corrected.py: OK
./SpaLORA/night1_evaluation.py: OK
./SpaLORA/night1_pipeline.py: OK
./SpaLORA/night2_loss_audit.py: OK
./SpaLORA/night2b_loss_audit.py: OK
./SpaLORA/night2c_loss_audit.py: OK
./SpaLORA/night3a_ige.py: OK
./SpaLORA/preprocess.py: OK
./SpaLORA/utils.py: OK
./Tutorial/Tutorial_1_human_lymph_node.ipynb: OK
./Tutorial/Tutorial_2_mouse_brain.ipynb: OK
./Tutorial/Tutorial_3_human_placenta.ipynb: OK
./__init__.py: OK
./configs/night1.json: OK
./configs/night2_loss_audit.json: OK
./configs/night2b_parity_locked_loss_audit.json: OK
./configs/night2c_numerical_equivalence_factorial.json: OK
./configs/night3a_ige_feasibility.json: OK
./docs/SpaLORA_Night3A_Codex_Taskbook_2026-08-10.md: OK
./figures/night1/a1_asr_rescue_spatial.png: OK
./figures/night1/ari_delta_vs_corrected.png: OK
./figures/night1/ari_mean_sd.png: OK
./figures/night1/asr_score_distributions.png: OK
./figures/night1/attention_cross_omics.png: OK
./figures/night1/p22_asr_rescue_spatial.png: OK
./figures/night1/placenta_asr_rescue_spatial.png: OK
./outputs/night3a_handoff/SHA256SUMS: OK
./outputs/night3a_handoff/attention_summary.csv: OK
./outputs/night3a_handoff/checkpoint_index.csv: OK
./outputs/night3a_handoff/config_lock.json: OK
./outputs/night3a_handoff/data_manifest.csv: OK
./outputs/night3a_handoff/failure_index.json: OK
./outputs/night3a_handoff/figure_index.json: OK
./outputs/night3a_handoff/ige_gradient_parameters.csv: OK
./outputs/night3a_handoff/ige_initial_gradients.csv: OK
./outputs/night3a_handoff/ige_weights.csv: OK
./outputs/night3a_handoff/loss_trajectories.csv: OK
./outputs/night3a_handoff/night3a_completion.json: OK
./outputs/night3a_handoff/night3a_environment.json: OK
./outputs/night3a_handoff/night3a_gate_status.json: OK
./outputs/night3a_handoff/night3a_p0a.json: OK
./outputs/night3a_handoff/night3a_p0b.json: OK
./outputs/night3a_handoff/night3a_p0b_failure.json: OK
./outputs/night3a_handoff/night3a_report.md: OK
./outputs/night3a_handoff/night3a_tests.txt: OK
./outputs/night3a_handoff/not_run_index.json: OK
./outputs/night3a_handoff/paired_deltas.csv: OK
./outputs/night3a_handoff/per_seed_metrics.csv: OK
./outputs/night3a_handoff/preregistered_run_order.json: OK
./outputs/night3a_handoff/protected_verification.txt: OK
./outputs/night3a_handoff/resource_usage.csv: OK
./outputs/night3a_handoff/run_manifest_index.json: OK
./outputs/night3a_handoff/summary.csv: OK
./reports/night1_artifact_manifest.sha256: OK
./reports/night1_completion.json: OK
./reports/night1_environment.json: OK
./reports/night1_report.md: OK
./reports/night2_loss_audit.md: OK
./reports/night2_p0_diagnosis.json: OK
./reports/night2_parity.json: OK
./reports/night2_tests.txt: OK
./reports/night2b_completion.json: OK
./reports/night2b_loss_audit.md: OK
./reports/night2b_p0b_diagnosis.json: OK
./reports/night2b_parity_locked.json: OK
./reports/night2b_tests.txt: OK
./reports/night2c_completion.json: OK
./reports/night2c_environment.json: OK
./reports/night2c_p0c.json: OK
./reports/night2c_report.md: OK
./reports/placenta_mod2_audit.json: OK
./requirements.txt: OK
./results/night1/attention_per_seed.csv: OK
./results/night1/attention_summary.csv: OK
./results/night1/delta_vs_corrected_unweighted.csv: OK
./results/night1/gene_score_summary.csv: OK
./results/night1/per_domain_f1.csv: OK
./results/night1/per_seed_metrics.csv: OK
./results/night1/summary.csv: OK
./results/night1/top20_rescued_genes.csv: OK
./results/night2/attention_summary.csv: OK
./results/night2/factorial_effects.csv: OK
./results/night2/gate_status.json: OK
./results/night2/loss_components.csv: OK
./results/night2/p0_parity_summary.csv: OK
./results/night2/paired_deltas.csv: OK
./results/night2/paper_repro_audit.csv: OK
./results/night2/per_domain_f1.csv: OK
./results/night2/per_seed_metrics.csv: OK
./results/night2/summary.csv: OK
./results/night2b/attention_summary.csv: OK
./results/night2b/factorial_effects.csv: OK
./results/night2b/gate_status.json: OK
./results/night2b/loss_components.csv: OK
./results/night2b/p0b_summary.csv: OK
./results/night2b/paired_deltas.csv: OK
./results/night2b/paper_repro_audit.csv: OK
./results/night2b/per_domain_f1.csv: OK
./results/night2b/per_seed_metrics.csv: OK
./results/night2b/summary.csv: OK
./results/night2b/v3_replay_audit.csv: OK
./results/night2c/attention_summary.csv: OK
./results/night2c/factorial_effects.csv: OK
./results/night2c/figures/attention_trajectories.pdf: OK
./results/night2c/figures/attention_trajectories.png: OK
./results/night2c/figures/factorial_effects.pdf: OK
./results/night2c/figures/factorial_effects.png: OK
./results/night2c/figures/loss_contribution_trajectories.pdf: OK
./results/night2c/figures/loss_contribution_trajectories.png: OK
./results/night2c/figures/paired_seed_ari.pdf: OK
./results/night2c/figures/paired_seed_ari.png: OK
./results/night2c/figures/paired_seed_nmi.pdf: OK
./results/night2c/figures/paired_seed_nmi.png: OK
./results/night2c/figures/placenta_technical_stability.pdf: OK
./results/night2c/figures/placenta_technical_stability.png: OK
./results/night2c/figures/v3_replay_agreement.pdf: OK
./results/night2c/figures/v3_replay_agreement.png: OK
./results/night2c/gate_status.json: OK
./results/night2c/logs/main.exit: OK
./results/night2c/logs/main.log: OK
./results/night2c/logs/p0c.log: OK
./results/night2c/logs/pytest_full.command: OK
./results/night2c/logs/pytest_full.duration_seconds: OK
./results/night2c/logs/pytest_full.exit: OK
./results/night2c/logs/pytest_full.log: OK
./results/night2c/logs/summarize.log: OK
./results/night2c/logs/technical.exit: OK
./results/night2c/logs/technical.log: OK
./results/night2c/logs/technical.validation.json: OK
./results/night2c/logs/test_result.json: OK
./results/night2c/logs/tutorial.exit: OK
./results/night2c/logs/tutorial.log: OK
./results/night2c/loss_components.csv: OK
./results/night2c/p0c_pairwise_distances.csv: OK
./results/night2c/p0c_summary.csv: OK
./results/night2c/paired_deltas.csv: OK
./results/night2c/paper_repro_audit.csv: OK
./results/night2c/per_domain_f1.csv: OK
./results/night2c/per_seed_metrics.csv: OK
./results/night2c/placenta_seed0_technical_replicates.csv: OK
./results/night2c/provenance/preflight.json: OK
./results/night2c/summary.csv: OK
./results/night2c/v3_replay_audit.csv: OK
./scripts/__pycache__/night3a_evaluate.cpython-38.pyc: OK
./scripts/__pycache__/night3a_finalize.cpython-38.pyc: OK
./scripts/__pycache__/night3a_p0a.cpython-38.pyc: OK
./scripts/__pycache__/night3a_p0b.cpython-38.pyc: OK
./scripts/__pycache__/night3a_runner.cpython-38.pyc: OK
./scripts/capture_environment.py: OK
./scripts/night1_benchmark.py: OK
./scripts/night1_summarize.py: OK
./scripts/night2_loss_audit.py: OK
./scripts/night2_parity_audit.py: OK
./scripts/night2_placenta_mod2_audit.py: OK
./scripts/night2b_finalize_p0b.py: OK
./scripts/night2b_loss_audit.py: OK
./scripts/night2b_p0b_diagnose.py: OK
./scripts/night2b_parity_locked_audit.py: OK
./scripts/night2c_deterministic_probe.py: OK
./scripts/night2c_factorial.py: OK
./scripts/night2c_finalize.py: OK
./scripts/night2c_p0c_gate.py: OK
./scripts/night2c_summarize.py: OK
./scripts/night3a_evaluate.py: OK
./scripts/night3a_finalize.py: OK
./scripts/night3a_p0a.py: OK
./scripts/night3a_p0b.py: OK
./scripts/night3a_runner.py: OK
./setup.py: OK
./tests/__pycache__/test_night3a.cpython-38-pytest-7.2.2.pyc: OK
./tests/__pycache__/test_night3a.cpython-38.pyc: OK
./tests/test_night1.py: OK
./tests/test_night2.py: OK
./tests/test_night2b.py: OK
./tests/test_night2c.py: OK
./tests/test_night3a.py: OK
