artifact_inventory.json: OK
attention_domain_association.csv: OK
attention_qc_correlations.csv: OK
attention_seed_stability.csv: OK
attention_spot_summary.csv: OK
component_support_matrix.csv: OK
config_lock.json: OK
evaluation_attempts/attempt1_matplotlib_api_failure/attention_domain_association.csv: OK
evaluation_attempts/attempt1_matplotlib_api_failure/attention_qc_correlations.csv: OK
evaluation_attempts/attempt1_matplotlib_api_failure/attention_seed_stability.csv: OK
evaluation_attempts/attempt1_matplotlib_api_failure/attention_spot_summary.csv: OK
evaluation_attempts/attempt1_matplotlib_api_failure/component_support_matrix.csv: OK
evaluation_attempts/attempt1_matplotlib_api_failure/evaluation_config_lock.json: OK
evaluation_attempts/attempt1_matplotlib_api_failure/evaluation_execution.log: OK
evaluation_attempts/attempt1_matplotlib_api_failure/full_ige_replay.csv: OK
evaluation_attempts/attempt1_matplotlib_api_failure/geary_metrics.csv: OK
evaluation_attempts/attempt1_matplotlib_api_failure/gradient_influence_trajectories.csv: OK
evaluation_attempts/attempt1_matplotlib_api_failure/ige_coefficient_outcome_correlations.csv: OK
evaluation_attempts/attempt1_matplotlib_api_failure/ige_coefficients.csv: OK
evaluation_attempts/attempt1_matplotlib_api_failure/ige_resource_overhead.csv: OK
evaluation_attempts/attempt1_matplotlib_api_failure/label_free_interpretability_complete.json: OK
evaluation_attempts/attempt1_matplotlib_api_failure/p22_attention_ari_correlations.csv: OK
evaluation_attempts/attempt1_matplotlib_api_failure/paired_ablation_deltas.csv: OK
evaluation_attempts/attempt1_matplotlib_api_failure/per_domain_metrics.csv: OK
evaluation_attempts/attempt1_matplotlib_api_failure/per_seed_metrics.csv: OK
evaluation_attempts/attempt1_matplotlib_api_failure/resource_usage.csv: OK
evaluation_attempts/attempt1_matplotlib_api_failure/summary.csv: OK
evaluation_attempts/attempt2_complete_before_replay_role_audit/component_support_matrix.csv: OK
evaluation_attempts/attempt2_complete_before_replay_role_audit/evaluation_config_lock.json: OK
evaluation_attempts/attempt2_complete_before_replay_role_audit/evaluation_execution.log: OK
evaluation_attempts/attempt2_complete_before_replay_role_audit/full_ige_replay.csv: OK
evaluation_attempts/attempt2_complete_before_replay_role_audit/night3b_completion.json: OK
evaluation_attempts/attempt2_complete_before_replay_role_audit/night3b_gate_status.json: OK
evaluation_attempts/attempt2_complete_before_replay_role_audit/night3b_report.md: OK
evaluation_attempts/attempt2_complete_before_replay_role_audit/paired_ablation_deltas.csv: OK
evaluation_attempts/attempt2_complete_before_replay_role_audit/per_seed_metrics.csv: OK
evaluation_attempts/attempt2_complete_before_replay_role_audit/protocol_deviations.json: OK
evaluation_attempts/attempt2_complete_before_replay_role_audit/summary.csv: OK
evaluation_attempts/evaluation_config_lock_v2_precondition_correction.json: OK
evaluation_attempts/evaluation_config_lock_v2_precondition_correction.sha256: OK
evaluation_config_lock.json: OK
evaluation_execution.log: OK
failure_index.json: OK
figures/a1_boundary_tradeoff_maps.pdf: OK
figures/a1_boundary_tradeoff_maps.png: OK
figures/ablation_ari_nmi_forest.pdf: OK
figures/ablation_ari_nmi_forest.png: OK
figures/ablation_spatial_tradeoff.pdf: OK
figures/ablation_spatial_tradeoff.png: OK
figures/attention_ablation_heatmap.pdf: OK
figures/attention_ablation_heatmap.png: OK
figures/attention_distribution_by_dataset.pdf: OK
figures/attention_distribution_by_dataset.png: OK
figures/attention_domain_association.pdf: OK
figures/attention_domain_association.png: OK
figures/attention_entropy_and_stability.pdf: OK
figures/attention_entropy_and_stability.png: OK
figures/attention_qc_correlations.pdf: OK
figures/attention_qc_correlations.png: OK
figures/ige_coefficients_by_dataset.pdf: OK
figures/ige_coefficients_by_dataset.png: OK
figures/loss_term_ablation_heatmap.pdf: OK
figures/loss_term_ablation_heatmap.png: OK
figures/p22_seed_heterogeneity.pdf: OK
figures/p22_seed_heterogeneity.png: OK
figures/weighted_gradient_share_trajectories.pdf: OK
figures/weighted_gradient_share_trajectories.png: OK
full_ige_replay.csv: OK
geary_metrics.csv: OK
gradient_influence_trajectories.csv: OK
ige_coefficient_outcome_correlations.csv: OK
ige_coefficients.csv: OK
ige_resource_overhead.csv: OK
integrity_read_manifest.json: OK
label_free_interpretability_complete.json: OK
locked_120_run_manifest.json: OK
night3b_completion.json: OK
night3b_gate_status.json: OK
night3b_report.md: OK
p0_arch.json: OK
p0_arch_execution.log: OK
p0_arch_tests.log: OK
p0_attempts/attempt1_test_scope_failure/config_lock.json: OK
p0_attempts/attempt1_test_scope_failure/integrity_read_manifest.json: OK
p0_attempts/attempt1_test_scope_failure/night3b_gate_status.json: OK
p0_attempts/attempt1_test_scope_failure/p0_arch.json: OK
p0_attempts/attempt1_test_scope_failure/p0_arch_execution.log: OK
p0_attempts/attempt1_test_scope_failure/p0_arch_tests.log: OK
p22_attention_ari_correlations.csv: OK
paired_ablation_deltas.csv: OK
per_domain_metrics.csv: OK
per_seed_metrics.csv: OK
preregistered_120_run_order.json: OK
protection_preflight/night2c_sha256_check.log: OK
protection_preflight/night3a_sha256_check.log: OK
protection_preflight/night3af_sha256_check.log: OK
protection_preflight/night3ar_sha256_check.log: OK
protection_preflight/protection_preflight.json: OK
protocol_deviations.json: OK
resource_usage.csv: OK
runs/a1/DROP_CORR1/seed_0/attention.npz: OK
runs/a1/DROP_CORR1/seed_0/checkpoint_index.csv: OK
runs/a1/DROP_CORR1/seed_0/clusters.csv: OK
runs/a1/DROP_CORR1/seed_0/coefficient_probe.json: OK
runs/a1/DROP_CORR1/seed_0/embedding.npz: OK
runs/a1/DROP_CORR1/seed_0/gradient_influence_trajectory.csv: OK
runs/a1/DROP_CORR1/seed_0/loss_trajectory.csv: OK
runs/a1/DROP_CORR1/seed_0/observation_ids.csv: OK
runs/a1/DROP_CORR1/seed_0/run_manifest.json: OK
runs/a1/DROP_CORR1/seed_1/attention.npz: OK
runs/a1/DROP_CORR1/seed_1/checkpoint_index.csv: OK
runs/a1/DROP_CORR1/seed_1/clusters.csv: OK
runs/a1/DROP_CORR1/seed_1/coefficient_probe.json: OK
runs/a1/DROP_CORR1/seed_1/embedding.npz: OK
runs/a1/DROP_CORR1/seed_1/gradient_influence_trajectory.csv: OK
runs/a1/DROP_CORR1/seed_1/loss_trajectory.csv: OK
runs/a1/DROP_CORR1/seed_1/observation_ids.csv: OK
runs/a1/DROP_CORR1/seed_1/run_manifest.json: OK
runs/a1/DROP_CORR1/seed_2/attention.npz: OK
runs/a1/DROP_CORR1/seed_2/checkpoint_index.csv: OK
runs/a1/DROP_CORR1/seed_2/clusters.csv: OK
runs/a1/DROP_CORR1/seed_2/coefficient_probe.json: OK
runs/a1/DROP_CORR1/seed_2/embedding.npz: OK
runs/a1/DROP_CORR1/seed_2/gradient_influence_trajectory.csv: OK
runs/a1/DROP_CORR1/seed_2/loss_trajectory.csv: OK
runs/a1/DROP_CORR1/seed_2/observation_ids.csv: OK
runs/a1/DROP_CORR1/seed_2/run_manifest.json: OK
runs/a1/DROP_CORR1/seed_3/attention.npz: OK
runs/a1/DROP_CORR1/seed_3/checkpoint_index.csv: OK
runs/a1/DROP_CORR1/seed_3/clusters.csv: OK
runs/a1/DROP_CORR1/seed_3/coefficient_probe.json: OK
runs/a1/DROP_CORR1/seed_3/embedding.npz: OK
runs/a1/DROP_CORR1/seed_3/gradient_influence_trajectory.csv: OK
runs/a1/DROP_CORR1/seed_3/loss_trajectory.csv: OK
runs/a1/DROP_CORR1/seed_3/observation_ids.csv: OK
runs/a1/DROP_CORR1/seed_3/run_manifest.json: OK
runs/a1/DROP_CORR1/seed_4/attention.npz: OK
runs/a1/DROP_CORR1/seed_4/checkpoint_index.csv: OK
runs/a1/DROP_CORR1/seed_4/clusters.csv: OK
runs/a1/DROP_CORR1/seed_4/coefficient_probe.json: OK
runs/a1/DROP_CORR1/seed_4/embedding.npz: OK
runs/a1/DROP_CORR1/seed_4/gradient_influence_trajectory.csv: OK
runs/a1/DROP_CORR1/seed_4/loss_trajectory.csv: OK
runs/a1/DROP_CORR1/seed_4/observation_ids.csv: OK
runs/a1/DROP_CORR1/seed_4/run_manifest.json: OK
runs/a1/DROP_CORR2/seed_0/attention.npz: OK
runs/a1/DROP_CORR2/seed_0/checkpoint_index.csv: OK
runs/a1/DROP_CORR2/seed_0/clusters.csv: OK
runs/a1/DROP_CORR2/seed_0/coefficient_probe.json: OK
runs/a1/DROP_CORR2/seed_0/embedding.npz: OK
runs/a1/DROP_CORR2/seed_0/gradient_influence_trajectory.csv: OK
runs/a1/DROP_CORR2/seed_0/loss_trajectory.csv: OK
runs/a1/DROP_CORR2/seed_0/observation_ids.csv: OK
runs/a1/DROP_CORR2/seed_0/run_manifest.json: OK
runs/a1/DROP_CORR2/seed_1/attention.npz: OK
runs/a1/DROP_CORR2/seed_1/checkpoint_index.csv: OK
runs/a1/DROP_CORR2/seed_1/clusters.csv: OK
runs/a1/DROP_CORR2/seed_1/coefficient_probe.json: OK
runs/a1/DROP_CORR2/seed_1/embedding.npz: OK
runs/a1/DROP_CORR2/seed_1/gradient_influence_trajectory.csv: OK
runs/a1/DROP_CORR2/seed_1/loss_trajectory.csv: OK
runs/a1/DROP_CORR2/seed_1/observation_ids.csv: OK
runs/a1/DROP_CORR2/seed_1/run_manifest.json: OK
runs/a1/DROP_CORR2/seed_2/attention.npz: OK
runs/a1/DROP_CORR2/seed_2/checkpoint_index.csv: OK
runs/a1/DROP_CORR2/seed_2/clusters.csv: OK
runs/a1/DROP_CORR2/seed_2/coefficient_probe.json: OK
runs/a1/DROP_CORR2/seed_2/embedding.npz: OK
runs/a1/DROP_CORR2/seed_2/gradient_influence_trajectory.csv: OK
runs/a1/DROP_CORR2/seed_2/loss_trajectory.csv: OK
runs/a1/DROP_CORR2/seed_2/observation_ids.csv: OK
runs/a1/DROP_CORR2/seed_2/run_manifest.json: OK
runs/a1/DROP_CORR2/seed_3/attention.npz: OK
runs/a1/DROP_CORR2/seed_3/checkpoint_index.csv: OK
runs/a1/DROP_CORR2/seed_3/clusters.csv: OK
runs/a1/DROP_CORR2/seed_3/coefficient_probe.json: OK
runs/a1/DROP_CORR2/seed_3/embedding.npz: OK
runs/a1/DROP_CORR2/seed_3/gradient_influence_trajectory.csv: OK
runs/a1/DROP_CORR2/seed_3/loss_trajectory.csv: OK
runs/a1/DROP_CORR2/seed_3/observation_ids.csv: OK
runs/a1/DROP_CORR2/seed_3/run_manifest.json: OK
runs/a1/DROP_CORR2/seed_4/attention.npz: OK
runs/a1/DROP_CORR2/seed_4/checkpoint_index.csv: OK
runs/a1/DROP_CORR2/seed_4/clusters.csv: OK
runs/a1/DROP_CORR2/seed_4/coefficient_probe.json: OK
runs/a1/DROP_CORR2/seed_4/embedding.npz: OK
runs/a1/DROP_CORR2/seed_4/gradient_influence_trajectory.csv: OK
runs/a1/DROP_CORR2/seed_4/loss_trajectory.csv: OK
runs/a1/DROP_CORR2/seed_4/observation_ids.csv: OK
runs/a1/DROP_CORR2/seed_4/run_manifest.json: OK
runs/a1/DROP_MOD2_RECON/seed_0/attention.npz: OK
runs/a1/DROP_MOD2_RECON/seed_0/checkpoint_index.csv: OK
runs/a1/DROP_MOD2_RECON/seed_0/clusters.csv: OK
runs/a1/DROP_MOD2_RECON/seed_0/coefficient_probe.json: OK
runs/a1/DROP_MOD2_RECON/seed_0/embedding.npz: OK
runs/a1/DROP_MOD2_RECON/seed_0/gradient_influence_trajectory.csv: OK
runs/a1/DROP_MOD2_RECON/seed_0/loss_trajectory.csv: OK
runs/a1/DROP_MOD2_RECON/seed_0/observation_ids.csv: OK
runs/a1/DROP_MOD2_RECON/seed_0/run_manifest.json: OK
runs/a1/DROP_MOD2_RECON/seed_1/attention.npz: OK
runs/a1/DROP_MOD2_RECON/seed_1/checkpoint_index.csv: OK
runs/a1/DROP_MOD2_RECON/seed_1/clusters.csv: OK
runs/a1/DROP_MOD2_RECON/seed_1/coefficient_probe.json: OK
runs/a1/DROP_MOD2_RECON/seed_1/embedding.npz: OK
runs/a1/DROP_MOD2_RECON/seed_1/gradient_influence_trajectory.csv: OK
runs/a1/DROP_MOD2_RECON/seed_1/loss_trajectory.csv: OK
runs/a1/DROP_MOD2_RECON/seed_1/observation_ids.csv: OK
runs/a1/DROP_MOD2_RECON/seed_1/run_manifest.json: OK
runs/a1/DROP_MOD2_RECON/seed_2/attention.npz: OK
runs/a1/DROP_MOD2_RECON/seed_2/checkpoint_index.csv: OK
runs/a1/DROP_MOD2_RECON/seed_2/clusters.csv: OK
runs/a1/DROP_MOD2_RECON/seed_2/coefficient_probe.json: OK
runs/a1/DROP_MOD2_RECON/seed_2/embedding.npz: OK
runs/a1/DROP_MOD2_RECON/seed_2/gradient_influence_trajectory.csv: OK
runs/a1/DROP_MOD2_RECON/seed_2/loss_trajectory.csv: OK
runs/a1/DROP_MOD2_RECON/seed_2/observation_ids.csv: OK
runs/a1/DROP_MOD2_RECON/seed_2/run_manifest.json: OK
runs/a1/DROP_MOD2_RECON/seed_3/attention.npz: OK
runs/a1/DROP_MOD2_RECON/seed_3/checkpoint_index.csv: OK
runs/a1/DROP_MOD2_RECON/seed_3/clusters.csv: OK
runs/a1/DROP_MOD2_RECON/seed_3/coefficient_probe.json: OK
runs/a1/DROP_MOD2_RECON/seed_3/embedding.npz: OK
runs/a1/DROP_MOD2_RECON/seed_3/gradient_influence_trajectory.csv: OK
runs/a1/DROP_MOD2_RECON/seed_3/loss_trajectory.csv: OK
runs/a1/DROP_MOD2_RECON/seed_3/observation_ids.csv: OK
runs/a1/DROP_MOD2_RECON/seed_3/run_manifest.json: OK
runs/a1/DROP_MOD2_RECON/seed_4/attention.npz: OK
runs/a1/DROP_MOD2_RECON/seed_4/checkpoint_index.csv: OK
runs/a1/DROP_MOD2_RECON/seed_4/clusters.csv: OK
runs/a1/DROP_MOD2_RECON/seed_4/coefficient_probe.json: OK
runs/a1/DROP_MOD2_RECON/seed_4/embedding.npz: OK
runs/a1/DROP_MOD2_RECON/seed_4/gradient_influence_trajectory.csv: OK
runs/a1/DROP_MOD2_RECON/seed_4/loss_trajectory.csv: OK
runs/a1/DROP_MOD2_RECON/seed_4/observation_ids.csv: OK
runs/a1/DROP_MOD2_RECON/seed_4/run_manifest.json: OK
runs/a1/DROP_RNA_RECON/seed_0/attention.npz: OK
runs/a1/DROP_RNA_RECON/seed_0/checkpoint_index.csv: OK
runs/a1/DROP_RNA_RECON/seed_0/clusters.csv: OK
runs/a1/DROP_RNA_RECON/seed_0/coefficient_probe.json: OK
runs/a1/DROP_RNA_RECON/seed_0/embedding.npz: OK
runs/a1/DROP_RNA_RECON/seed_0/gradient_influence_trajectory.csv: OK
runs/a1/DROP_RNA_RECON/seed_0/loss_trajectory.csv: OK
runs/a1/DROP_RNA_RECON/seed_0/observation_ids.csv: OK
runs/a1/DROP_RNA_RECON/seed_0/run_manifest.json: OK
runs/a1/DROP_RNA_RECON/seed_1/attention.npz: OK
runs/a1/DROP_RNA_RECON/seed_1/checkpoint_index.csv: OK
runs/a1/DROP_RNA_RECON/seed_1/clusters.csv: OK
runs/a1/DROP_RNA_RECON/seed_1/coefficient_probe.json: OK
runs/a1/DROP_RNA_RECON/seed_1/embedding.npz: OK
runs/a1/DROP_RNA_RECON/seed_1/gradient_influence_trajectory.csv: OK
runs/a1/DROP_RNA_RECON/seed_1/loss_trajectory.csv: OK
runs/a1/DROP_RNA_RECON/seed_1/observation_ids.csv: OK
runs/a1/DROP_RNA_RECON/seed_1/run_manifest.json: OK
runs/a1/DROP_RNA_RECON/seed_2/attention.npz: OK
runs/a1/DROP_RNA_RECON/seed_2/checkpoint_index.csv: OK
runs/a1/DROP_RNA_RECON/seed_2/clusters.csv: OK
runs/a1/DROP_RNA_RECON/seed_2/coefficient_probe.json: OK
runs/a1/DROP_RNA_RECON/seed_2/embedding.npz: OK
runs/a1/DROP_RNA_RECON/seed_2/gradient_influence_trajectory.csv: OK
runs/a1/DROP_RNA_RECON/seed_2/loss_trajectory.csv: OK
runs/a1/DROP_RNA_RECON/seed_2/observation_ids.csv: OK
runs/a1/DROP_RNA_RECON/seed_2/run_manifest.json: OK
runs/a1/DROP_RNA_RECON/seed_3/attention.npz: OK
runs/a1/DROP_RNA_RECON/seed_3/checkpoint_index.csv: OK
runs/a1/DROP_RNA_RECON/seed_3/clusters.csv: OK
runs/a1/DROP_RNA_RECON/seed_3/coefficient_probe.json: OK
runs/a1/DROP_RNA_RECON/seed_3/embedding.npz: OK
runs/a1/DROP_RNA_RECON/seed_3/gradient_influence_trajectory.csv: OK
runs/a1/DROP_RNA_RECON/seed_3/loss_trajectory.csv: OK
runs/a1/DROP_RNA_RECON/seed_3/observation_ids.csv: OK
runs/a1/DROP_RNA_RECON/seed_3/run_manifest.json: OK
runs/a1/DROP_RNA_RECON/seed_4/attention.npz: OK
runs/a1/DROP_RNA_RECON/seed_4/checkpoint_index.csv: OK
runs/a1/DROP_RNA_RECON/seed_4/clusters.csv: OK
runs/a1/DROP_RNA_RECON/seed_4/coefficient_probe.json: OK
runs/a1/DROP_RNA_RECON/seed_4/embedding.npz: OK
runs/a1/DROP_RNA_RECON/seed_4/gradient_influence_trajectory.csv: OK
runs/a1/DROP_RNA_RECON/seed_4/loss_trajectory.csv: OK
runs/a1/DROP_RNA_RECON/seed_4/observation_ids.csv: OK
runs/a1/DROP_RNA_RECON/seed_4/run_manifest.json: OK
runs/a1/FULL_IGE/seed_0/attention.npz: OK
runs/a1/FULL_IGE/seed_0/checkpoint_index.csv: OK
runs/a1/FULL_IGE/seed_0/clusters.csv: OK
runs/a1/FULL_IGE/seed_0/coefficient_probe.json: OK
runs/a1/FULL_IGE/seed_0/embedding.npz: OK
runs/a1/FULL_IGE/seed_0/gradient_influence_trajectory.csv: OK
runs/a1/FULL_IGE/seed_0/loss_trajectory.csv: OK
runs/a1/FULL_IGE/seed_0/observation_ids.csv: OK
runs/a1/FULL_IGE/seed_0/run_manifest.json: OK
runs/a1/FULL_IGE/seed_1/attention.npz: OK
runs/a1/FULL_IGE/seed_1/checkpoint_index.csv: OK
runs/a1/FULL_IGE/seed_1/clusters.csv: OK
runs/a1/FULL_IGE/seed_1/coefficient_probe.json: OK
runs/a1/FULL_IGE/seed_1/embedding.npz: OK
runs/a1/FULL_IGE/seed_1/gradient_influence_trajectory.csv: OK
runs/a1/FULL_IGE/seed_1/loss_trajectory.csv: OK
runs/a1/FULL_IGE/seed_1/observation_ids.csv: OK
runs/a1/FULL_IGE/seed_1/run_manifest.json: OK
runs/a1/FULL_IGE/seed_2/attention.npz: OK
runs/a1/FULL_IGE/seed_2/checkpoint_index.csv: OK
runs/a1/FULL_IGE/seed_2/clusters.csv: OK
runs/a1/FULL_IGE/seed_2/coefficient_probe.json: OK
runs/a1/FULL_IGE/seed_2/embedding.npz: OK
runs/a1/FULL_IGE/seed_2/gradient_influence_trajectory.csv: OK
runs/a1/FULL_IGE/seed_2/loss_trajectory.csv: OK
runs/a1/FULL_IGE/seed_2/observation_ids.csv: OK
runs/a1/FULL_IGE/seed_2/run_manifest.json: OK
runs/a1/FULL_IGE/seed_3/attention.npz: OK
runs/a1/FULL_IGE/seed_3/checkpoint_index.csv: OK
runs/a1/FULL_IGE/seed_3/clusters.csv: OK
runs/a1/FULL_IGE/seed_3/coefficient_probe.json: OK
runs/a1/FULL_IGE/seed_3/embedding.npz: OK
runs/a1/FULL_IGE/seed_3/gradient_influence_trajectory.csv: OK
runs/a1/FULL_IGE/seed_3/loss_trajectory.csv: OK
runs/a1/FULL_IGE/seed_3/observation_ids.csv: OK
runs/a1/FULL_IGE/seed_3/run_manifest.json: OK
runs/a1/FULL_IGE/seed_4/attention.npz: OK
runs/a1/FULL_IGE/seed_4/checkpoint_index.csv: OK
runs/a1/FULL_IGE/seed_4/clusters.csv: OK
runs/a1/FULL_IGE/seed_4/coefficient_probe.json: OK
runs/a1/FULL_IGE/seed_4/embedding.npz: OK
runs/a1/FULL_IGE/seed_4/gradient_influence_trajectory.csv: OK
runs/a1/FULL_IGE/seed_4/loss_trajectory.csv: OK
runs/a1/FULL_IGE/seed_4/observation_ids.csv: OK
runs/a1/FULL_IGE/seed_4/run_manifest.json: OK
runs/a1/UNIFORM_ALL/seed_0/attention.npz: OK
runs/a1/UNIFORM_ALL/seed_0/checkpoint_index.csv: OK
runs/a1/UNIFORM_ALL/seed_0/clusters.csv: OK
runs/a1/UNIFORM_ALL/seed_0/coefficient_probe.json: OK
runs/a1/UNIFORM_ALL/seed_0/embedding.npz: OK
runs/a1/UNIFORM_ALL/seed_0/gradient_influence_trajectory.csv: OK
runs/a1/UNIFORM_ALL/seed_0/loss_trajectory.csv: OK
runs/a1/UNIFORM_ALL/seed_0/observation_ids.csv: OK
runs/a1/UNIFORM_ALL/seed_0/run_manifest.json: OK
runs/a1/UNIFORM_ALL/seed_1/attention.npz: OK
runs/a1/UNIFORM_ALL/seed_1/checkpoint_index.csv: OK
runs/a1/UNIFORM_ALL/seed_1/clusters.csv: OK
runs/a1/UNIFORM_ALL/seed_1/coefficient_probe.json: OK
runs/a1/UNIFORM_ALL/seed_1/embedding.npz: OK
runs/a1/UNIFORM_ALL/seed_1/gradient_influence_trajectory.csv: OK
runs/a1/UNIFORM_ALL/seed_1/loss_trajectory.csv: OK
runs/a1/UNIFORM_ALL/seed_1/observation_ids.csv: OK
runs/a1/UNIFORM_ALL/seed_1/run_manifest.json: OK
runs/a1/UNIFORM_ALL/seed_2/attention.npz: OK
runs/a1/UNIFORM_ALL/seed_2/checkpoint_index.csv: OK
runs/a1/UNIFORM_ALL/seed_2/clusters.csv: OK
runs/a1/UNIFORM_ALL/seed_2/coefficient_probe.json: OK
runs/a1/UNIFORM_ALL/seed_2/embedding.npz: OK
runs/a1/UNIFORM_ALL/seed_2/gradient_influence_trajectory.csv: OK
runs/a1/UNIFORM_ALL/seed_2/loss_trajectory.csv: OK
runs/a1/UNIFORM_ALL/seed_2/observation_ids.csv: OK
runs/a1/UNIFORM_ALL/seed_2/run_manifest.json: OK
runs/a1/UNIFORM_ALL/seed_3/attention.npz: OK
runs/a1/UNIFORM_ALL/seed_3/checkpoint_index.csv: OK
runs/a1/UNIFORM_ALL/seed_3/clusters.csv: OK
runs/a1/UNIFORM_ALL/seed_3/coefficient_probe.json: OK
runs/a1/UNIFORM_ALL/seed_3/embedding.npz: OK
runs/a1/UNIFORM_ALL/seed_3/gradient_influence_trajectory.csv: OK
runs/a1/UNIFORM_ALL/seed_3/loss_trajectory.csv: OK
runs/a1/UNIFORM_ALL/seed_3/observation_ids.csv: OK
runs/a1/UNIFORM_ALL/seed_3/run_manifest.json: OK
runs/a1/UNIFORM_ALL/seed_4/attention.npz: OK
runs/a1/UNIFORM_ALL/seed_4/checkpoint_index.csv: OK
runs/a1/UNIFORM_ALL/seed_4/clusters.csv: OK
runs/a1/UNIFORM_ALL/seed_4/coefficient_probe.json: OK
runs/a1/UNIFORM_ALL/seed_4/embedding.npz: OK
runs/a1/UNIFORM_ALL/seed_4/gradient_influence_trajectory.csv: OK
runs/a1/UNIFORM_ALL/seed_4/loss_trajectory.csv: OK
runs/a1/UNIFORM_ALL/seed_4/observation_ids.csv: OK
runs/a1/UNIFORM_ALL/seed_4/run_manifest.json: OK
runs/a1/UNIFORM_CROSS/seed_0/attention.npz: OK
runs/a1/UNIFORM_CROSS/seed_0/checkpoint_index.csv: OK
runs/a1/UNIFORM_CROSS/seed_0/clusters.csv: OK
runs/a1/UNIFORM_CROSS/seed_0/coefficient_probe.json: OK
runs/a1/UNIFORM_CROSS/seed_0/embedding.npz: OK
runs/a1/UNIFORM_CROSS/seed_0/gradient_influence_trajectory.csv: OK
runs/a1/UNIFORM_CROSS/seed_0/loss_trajectory.csv: OK
runs/a1/UNIFORM_CROSS/seed_0/observation_ids.csv: OK
runs/a1/UNIFORM_CROSS/seed_0/run_manifest.json: OK
runs/a1/UNIFORM_CROSS/seed_1/attention.npz: OK
runs/a1/UNIFORM_CROSS/seed_1/checkpoint_index.csv: OK
runs/a1/UNIFORM_CROSS/seed_1/clusters.csv: OK
runs/a1/UNIFORM_CROSS/seed_1/coefficient_probe.json: OK
runs/a1/UNIFORM_CROSS/seed_1/embedding.npz: OK
runs/a1/UNIFORM_CROSS/seed_1/gradient_influence_trajectory.csv: OK
runs/a1/UNIFORM_CROSS/seed_1/loss_trajectory.csv: OK
runs/a1/UNIFORM_CROSS/seed_1/observation_ids.csv: OK
runs/a1/UNIFORM_CROSS/seed_1/run_manifest.json: OK
runs/a1/UNIFORM_CROSS/seed_2/attention.npz: OK
runs/a1/UNIFORM_CROSS/seed_2/checkpoint_index.csv: OK
runs/a1/UNIFORM_CROSS/seed_2/clusters.csv: OK
runs/a1/UNIFORM_CROSS/seed_2/coefficient_probe.json: OK
runs/a1/UNIFORM_CROSS/seed_2/embedding.npz: OK
runs/a1/UNIFORM_CROSS/seed_2/gradient_influence_trajectory.csv: OK
runs/a1/UNIFORM_CROSS/seed_2/loss_trajectory.csv: OK
runs/a1/UNIFORM_CROSS/seed_2/observation_ids.csv: OK
runs/a1/UNIFORM_CROSS/seed_2/run_manifest.json: OK
runs/a1/UNIFORM_CROSS/seed_3/attention.npz: OK
runs/a1/UNIFORM_CROSS/seed_3/checkpoint_index.csv: OK
runs/a1/UNIFORM_CROSS/seed_3/clusters.csv: OK
runs/a1/UNIFORM_CROSS/seed_3/coefficient_probe.json: OK
runs/a1/UNIFORM_CROSS/seed_3/embedding.npz: OK
runs/a1/UNIFORM_CROSS/seed_3/gradient_influence_trajectory.csv: OK
runs/a1/UNIFORM_CROSS/seed_3/loss_trajectory.csv: OK
runs/a1/UNIFORM_CROSS/seed_3/observation_ids.csv: OK
runs/a1/UNIFORM_CROSS/seed_3/run_manifest.json: OK
runs/a1/UNIFORM_CROSS/seed_4/attention.npz: OK
runs/a1/UNIFORM_CROSS/seed_4/checkpoint_index.csv: OK
runs/a1/UNIFORM_CROSS/seed_4/clusters.csv: OK
runs/a1/UNIFORM_CROSS/seed_4/coefficient_probe.json: OK
runs/a1/UNIFORM_CROSS/seed_4/embedding.npz: OK
runs/a1/UNIFORM_CROSS/seed_4/gradient_influence_trajectory.csv: OK
runs/a1/UNIFORM_CROSS/seed_4/loss_trajectory.csv: OK
runs/a1/UNIFORM_CROSS/seed_4/observation_ids.csv: OK
runs/a1/UNIFORM_CROSS/seed_4/run_manifest.json: OK
runs/a1/UNIFORM_WITHIN/seed_0/attention.npz: OK
runs/a1/UNIFORM_WITHIN/seed_0/checkpoint_index.csv: OK
runs/a1/UNIFORM_WITHIN/seed_0/clusters.csv: OK
runs/a1/UNIFORM_WITHIN/seed_0/coefficient_probe.json: OK
runs/a1/UNIFORM_WITHIN/seed_0/embedding.npz: OK
runs/a1/UNIFORM_WITHIN/seed_0/gradient_influence_trajectory.csv: OK
runs/a1/UNIFORM_WITHIN/seed_0/loss_trajectory.csv: OK
runs/a1/UNIFORM_WITHIN/seed_0/observation_ids.csv: OK
runs/a1/UNIFORM_WITHIN/seed_0/run_manifest.json: OK
runs/a1/UNIFORM_WITHIN/seed_1/attention.npz: OK
runs/a1/UNIFORM_WITHIN/seed_1/checkpoint_index.csv: OK
runs/a1/UNIFORM_WITHIN/seed_1/clusters.csv: OK
runs/a1/UNIFORM_WITHIN/seed_1/coefficient_probe.json: OK
runs/a1/UNIFORM_WITHIN/seed_1/embedding.npz: OK
runs/a1/UNIFORM_WITHIN/seed_1/gradient_influence_trajectory.csv: OK
runs/a1/UNIFORM_WITHIN/seed_1/loss_trajectory.csv: OK
runs/a1/UNIFORM_WITHIN/seed_1/observation_ids.csv: OK
runs/a1/UNIFORM_WITHIN/seed_1/run_manifest.json: OK
runs/a1/UNIFORM_WITHIN/seed_2/attention.npz: OK
runs/a1/UNIFORM_WITHIN/seed_2/checkpoint_index.csv: OK
runs/a1/UNIFORM_WITHIN/seed_2/clusters.csv: OK
runs/a1/UNIFORM_WITHIN/seed_2/coefficient_probe.json: OK
runs/a1/UNIFORM_WITHIN/seed_2/embedding.npz: OK
runs/a1/UNIFORM_WITHIN/seed_2/gradient_influence_trajectory.csv: OK
runs/a1/UNIFORM_WITHIN/seed_2/loss_trajectory.csv: OK
runs/a1/UNIFORM_WITHIN/seed_2/observation_ids.csv: OK
runs/a1/UNIFORM_WITHIN/seed_2/run_manifest.json: OK
runs/a1/UNIFORM_WITHIN/seed_3/attention.npz: OK
runs/a1/UNIFORM_WITHIN/seed_3/checkpoint_index.csv: OK
runs/a1/UNIFORM_WITHIN/seed_3/clusters.csv: OK
runs/a1/UNIFORM_WITHIN/seed_3/coefficient_probe.json: OK
runs/a1/UNIFORM_WITHIN/seed_3/embedding.npz: OK
runs/a1/UNIFORM_WITHIN/seed_3/gradient_influence_trajectory.csv: OK
runs/a1/UNIFORM_WITHIN/seed_3/loss_trajectory.csv: OK
runs/a1/UNIFORM_WITHIN/seed_3/observation_ids.csv: OK
runs/a1/UNIFORM_WITHIN/seed_3/run_manifest.json: OK
runs/a1/UNIFORM_WITHIN/seed_4/attention.npz: OK
runs/a1/UNIFORM_WITHIN/seed_4/checkpoint_index.csv: OK
runs/a1/UNIFORM_WITHIN/seed_4/clusters.csv: OK
runs/a1/UNIFORM_WITHIN/seed_4/coefficient_probe.json: OK
runs/a1/UNIFORM_WITHIN/seed_4/embedding.npz: OK
runs/a1/UNIFORM_WITHIN/seed_4/gradient_influence_trajectory.csv: OK
runs/a1/UNIFORM_WITHIN/seed_4/loss_trajectory.csv: OK
runs/a1/UNIFORM_WITHIN/seed_4/observation_ids.csv: OK
runs/a1/UNIFORM_WITHIN/seed_4/run_manifest.json: OK
runs/p22/DROP_CORR1/seed_0/attention.npz: OK
runs/p22/DROP_CORR1/seed_0/checkpoint_index.csv: OK
runs/p22/DROP_CORR1/seed_0/clusters.csv: OK
runs/p22/DROP_CORR1/seed_0/coefficient_probe.json: OK
runs/p22/DROP_CORR1/seed_0/embedding.npz: OK
runs/p22/DROP_CORR1/seed_0/gradient_influence_trajectory.csv: OK
runs/p22/DROP_CORR1/seed_0/loss_trajectory.csv: OK
runs/p22/DROP_CORR1/seed_0/observation_ids.csv: OK
runs/p22/DROP_CORR1/seed_0/run_manifest.json: OK
runs/p22/DROP_CORR1/seed_1/attention.npz: OK
runs/p22/DROP_CORR1/seed_1/checkpoint_index.csv: OK
runs/p22/DROP_CORR1/seed_1/clusters.csv: OK
runs/p22/DROP_CORR1/seed_1/coefficient_probe.json: OK
runs/p22/DROP_CORR1/seed_1/embedding.npz: OK
runs/p22/DROP_CORR1/seed_1/gradient_influence_trajectory.csv: OK
runs/p22/DROP_CORR1/seed_1/loss_trajectory.csv: OK
runs/p22/DROP_CORR1/seed_1/observation_ids.csv: OK
runs/p22/DROP_CORR1/seed_1/run_manifest.json: OK
runs/p22/DROP_CORR1/seed_2/attention.npz: OK
runs/p22/DROP_CORR1/seed_2/checkpoint_index.csv: OK
runs/p22/DROP_CORR1/seed_2/clusters.csv: OK
runs/p22/DROP_CORR1/seed_2/coefficient_probe.json: OK
runs/p22/DROP_CORR1/seed_2/embedding.npz: OK
runs/p22/DROP_CORR1/seed_2/gradient_influence_trajectory.csv: OK
runs/p22/DROP_CORR1/seed_2/loss_trajectory.csv: OK
runs/p22/DROP_CORR1/seed_2/observation_ids.csv: OK
runs/p22/DROP_CORR1/seed_2/run_manifest.json: OK
runs/p22/DROP_CORR1/seed_3/attention.npz: OK
runs/p22/DROP_CORR1/seed_3/checkpoint_index.csv: OK
runs/p22/DROP_CORR1/seed_3/clusters.csv: OK
runs/p22/DROP_CORR1/seed_3/coefficient_probe.json: OK
runs/p22/DROP_CORR1/seed_3/embedding.npz: OK
runs/p22/DROP_CORR1/seed_3/gradient_influence_trajectory.csv: OK
runs/p22/DROP_CORR1/seed_3/loss_trajectory.csv: OK
runs/p22/DROP_CORR1/seed_3/observation_ids.csv: OK
runs/p22/DROP_CORR1/seed_3/run_manifest.json: OK
runs/p22/DROP_CORR1/seed_4/attention.npz: OK
runs/p22/DROP_CORR1/seed_4/checkpoint_index.csv: OK
runs/p22/DROP_CORR1/seed_4/clusters.csv: OK
runs/p22/DROP_CORR1/seed_4/coefficient_probe.json: OK
runs/p22/DROP_CORR1/seed_4/embedding.npz: OK
runs/p22/DROP_CORR1/seed_4/gradient_influence_trajectory.csv: OK
runs/p22/DROP_CORR1/seed_4/loss_trajectory.csv: OK
runs/p22/DROP_CORR1/seed_4/observation_ids.csv: OK
runs/p22/DROP_CORR1/seed_4/run_manifest.json: OK
runs/p22/DROP_CORR2/seed_0/attention.npz: OK
runs/p22/DROP_CORR2/seed_0/checkpoint_index.csv: OK
runs/p22/DROP_CORR2/seed_0/clusters.csv: OK
runs/p22/DROP_CORR2/seed_0/coefficient_probe.json: OK
runs/p22/DROP_CORR2/seed_0/embedding.npz: OK
runs/p22/DROP_CORR2/seed_0/gradient_influence_trajectory.csv: OK
runs/p22/DROP_CORR2/seed_0/loss_trajectory.csv: OK
runs/p22/DROP_CORR2/seed_0/observation_ids.csv: OK
runs/p22/DROP_CORR2/seed_0/run_manifest.json: OK
runs/p22/DROP_CORR2/seed_1/attention.npz: OK
runs/p22/DROP_CORR2/seed_1/checkpoint_index.csv: OK
runs/p22/DROP_CORR2/seed_1/clusters.csv: OK
runs/p22/DROP_CORR2/seed_1/coefficient_probe.json: OK
runs/p22/DROP_CORR2/seed_1/embedding.npz: OK
runs/p22/DROP_CORR2/seed_1/gradient_influence_trajectory.csv: OK
runs/p22/DROP_CORR2/seed_1/loss_trajectory.csv: OK
runs/p22/DROP_CORR2/seed_1/observation_ids.csv: OK
runs/p22/DROP_CORR2/seed_1/run_manifest.json: OK
runs/p22/DROP_CORR2/seed_2/attention.npz: OK
runs/p22/DROP_CORR2/seed_2/checkpoint_index.csv: OK
runs/p22/DROP_CORR2/seed_2/clusters.csv: OK
runs/p22/DROP_CORR2/seed_2/coefficient_probe.json: OK
runs/p22/DROP_CORR2/seed_2/embedding.npz: OK
runs/p22/DROP_CORR2/seed_2/gradient_influence_trajectory.csv: OK
runs/p22/DROP_CORR2/seed_2/loss_trajectory.csv: OK
runs/p22/DROP_CORR2/seed_2/observation_ids.csv: OK
runs/p22/DROP_CORR2/seed_2/run_manifest.json: OK
runs/p22/DROP_CORR2/seed_3/attention.npz: OK
runs/p22/DROP_CORR2/seed_3/checkpoint_index.csv: OK
runs/p22/DROP_CORR2/seed_3/clusters.csv: OK
runs/p22/DROP_CORR2/seed_3/coefficient_probe.json: OK
runs/p22/DROP_CORR2/seed_3/embedding.npz: OK
runs/p22/DROP_CORR2/seed_3/gradient_influence_trajectory.csv: OK
runs/p22/DROP_CORR2/seed_3/loss_trajectory.csv: OK
runs/p22/DROP_CORR2/seed_3/observation_ids.csv: OK
runs/p22/DROP_CORR2/seed_3/run_manifest.json: OK
runs/p22/DROP_CORR2/seed_4/attention.npz: OK
runs/p22/DROP_CORR2/seed_4/checkpoint_index.csv: OK
runs/p22/DROP_CORR2/seed_4/clusters.csv: OK
runs/p22/DROP_CORR2/seed_4/coefficient_probe.json: OK
runs/p22/DROP_CORR2/seed_4/embedding.npz: OK
runs/p22/DROP_CORR2/seed_4/gradient_influence_trajectory.csv: OK
runs/p22/DROP_CORR2/seed_4/loss_trajectory.csv: OK
runs/p22/DROP_CORR2/seed_4/observation_ids.csv: OK
runs/p22/DROP_CORR2/seed_4/run_manifest.json: OK
runs/p22/DROP_MOD2_RECON/seed_0/attention.npz: OK
runs/p22/DROP_MOD2_RECON/seed_0/checkpoint_index.csv: OK
runs/p22/DROP_MOD2_RECON/seed_0/clusters.csv: OK
runs/p22/DROP_MOD2_RECON/seed_0/coefficient_probe.json: OK
runs/p22/DROP_MOD2_RECON/seed_0/embedding.npz: OK
runs/p22/DROP_MOD2_RECON/seed_0/gradient_influence_trajectory.csv: OK
runs/p22/DROP_MOD2_RECON/seed_0/loss_trajectory.csv: OK
runs/p22/DROP_MOD2_RECON/seed_0/observation_ids.csv: OK
runs/p22/DROP_MOD2_RECON/seed_0/run_manifest.json: OK
runs/p22/DROP_MOD2_RECON/seed_1/attention.npz: OK
runs/p22/DROP_MOD2_RECON/seed_1/checkpoint_index.csv: OK
runs/p22/DROP_MOD2_RECON/seed_1/clusters.csv: OK
runs/p22/DROP_MOD2_RECON/seed_1/coefficient_probe.json: OK
runs/p22/DROP_MOD2_RECON/seed_1/embedding.npz: OK
runs/p22/DROP_MOD2_RECON/seed_1/gradient_influence_trajectory.csv: OK
runs/p22/DROP_MOD2_RECON/seed_1/loss_trajectory.csv: OK
runs/p22/DROP_MOD2_RECON/seed_1/observation_ids.csv: OK
runs/p22/DROP_MOD2_RECON/seed_1/run_manifest.json: OK
runs/p22/DROP_MOD2_RECON/seed_2/attention.npz: OK
runs/p22/DROP_MOD2_RECON/seed_2/checkpoint_index.csv: OK
runs/p22/DROP_MOD2_RECON/seed_2/clusters.csv: OK
runs/p22/DROP_MOD2_RECON/seed_2/coefficient_probe.json: OK
runs/p22/DROP_MOD2_RECON/seed_2/embedding.npz: OK
runs/p22/DROP_MOD2_RECON/seed_2/gradient_influence_trajectory.csv: OK
runs/p22/DROP_MOD2_RECON/seed_2/loss_trajectory.csv: OK
runs/p22/DROP_MOD2_RECON/seed_2/observation_ids.csv: OK
runs/p22/DROP_MOD2_RECON/seed_2/run_manifest.json: OK
runs/p22/DROP_MOD2_RECON/seed_3/attention.npz: OK
runs/p22/DROP_MOD2_RECON/seed_3/checkpoint_index.csv: OK
runs/p22/DROP_MOD2_RECON/seed_3/clusters.csv: OK
runs/p22/DROP_MOD2_RECON/seed_3/coefficient_probe.json: OK
runs/p22/DROP_MOD2_RECON/seed_3/embedding.npz: OK
runs/p22/DROP_MOD2_RECON/seed_3/gradient_influence_trajectory.csv: OK
runs/p22/DROP_MOD2_RECON/seed_3/loss_trajectory.csv: OK
runs/p22/DROP_MOD2_RECON/seed_3/observation_ids.csv: OK
runs/p22/DROP_MOD2_RECON/seed_3/run_manifest.json: OK
runs/p22/DROP_MOD2_RECON/seed_4/attention.npz: OK
runs/p22/DROP_MOD2_RECON/seed_4/checkpoint_index.csv: OK
runs/p22/DROP_MOD2_RECON/seed_4/clusters.csv: OK
runs/p22/DROP_MOD2_RECON/seed_4/coefficient_probe.json: OK
runs/p22/DROP_MOD2_RECON/seed_4/embedding.npz: OK
runs/p22/DROP_MOD2_RECON/seed_4/gradient_influence_trajectory.csv: OK
runs/p22/DROP_MOD2_RECON/seed_4/loss_trajectory.csv: OK
runs/p22/DROP_MOD2_RECON/seed_4/observation_ids.csv: OK
runs/p22/DROP_MOD2_RECON/seed_4/run_manifest.json: OK
runs/p22/DROP_RNA_RECON/seed_0/attention.npz: OK
runs/p22/DROP_RNA_RECON/seed_0/checkpoint_index.csv: OK
runs/p22/DROP_RNA_RECON/seed_0/clusters.csv: OK
runs/p22/DROP_RNA_RECON/seed_0/coefficient_probe.json: OK
runs/p22/DROP_RNA_RECON/seed_0/embedding.npz: OK
runs/p22/DROP_RNA_RECON/seed_0/gradient_influence_trajectory.csv: OK
runs/p22/DROP_RNA_RECON/seed_0/loss_trajectory.csv: OK
runs/p22/DROP_RNA_RECON/seed_0/observation_ids.csv: OK
runs/p22/DROP_RNA_RECON/seed_0/run_manifest.json: OK
runs/p22/DROP_RNA_RECON/seed_1/attention.npz: OK
runs/p22/DROP_RNA_RECON/seed_1/checkpoint_index.csv: OK
runs/p22/DROP_RNA_RECON/seed_1/clusters.csv: OK
runs/p22/DROP_RNA_RECON/seed_1/coefficient_probe.json: OK
runs/p22/DROP_RNA_RECON/seed_1/embedding.npz: OK
runs/p22/DROP_RNA_RECON/seed_1/gradient_influence_trajectory.csv: OK
runs/p22/DROP_RNA_RECON/seed_1/loss_trajectory.csv: OK
runs/p22/DROP_RNA_RECON/seed_1/observation_ids.csv: OK
runs/p22/DROP_RNA_RECON/seed_1/run_manifest.json: OK
runs/p22/DROP_RNA_RECON/seed_2/attention.npz: OK
runs/p22/DROP_RNA_RECON/seed_2/checkpoint_index.csv: OK
runs/p22/DROP_RNA_RECON/seed_2/clusters.csv: OK
runs/p22/DROP_RNA_RECON/seed_2/coefficient_probe.json: OK
runs/p22/DROP_RNA_RECON/seed_2/embedding.npz: OK
runs/p22/DROP_RNA_RECON/seed_2/gradient_influence_trajectory.csv: OK
runs/p22/DROP_RNA_RECON/seed_2/loss_trajectory.csv: OK
runs/p22/DROP_RNA_RECON/seed_2/observation_ids.csv: OK
runs/p22/DROP_RNA_RECON/seed_2/run_manifest.json: OK
runs/p22/DROP_RNA_RECON/seed_3/attention.npz: OK
runs/p22/DROP_RNA_RECON/seed_3/checkpoint_index.csv: OK
runs/p22/DROP_RNA_RECON/seed_3/clusters.csv: OK
runs/p22/DROP_RNA_RECON/seed_3/coefficient_probe.json: OK
runs/p22/DROP_RNA_RECON/seed_3/embedding.npz: OK
runs/p22/DROP_RNA_RECON/seed_3/gradient_influence_trajectory.csv: OK
runs/p22/DROP_RNA_RECON/seed_3/loss_trajectory.csv: OK
runs/p22/DROP_RNA_RECON/seed_3/observation_ids.csv: OK
runs/p22/DROP_RNA_RECON/seed_3/run_manifest.json: OK
runs/p22/DROP_RNA_RECON/seed_4/attention.npz: OK
runs/p22/DROP_RNA_RECON/seed_4/checkpoint_index.csv: OK
runs/p22/DROP_RNA_RECON/seed_4/clusters.csv: OK
runs/p22/DROP_RNA_RECON/seed_4/coefficient_probe.json: OK
runs/p22/DROP_RNA_RECON/seed_4/embedding.npz: OK
runs/p22/DROP_RNA_RECON/seed_4/gradient_influence_trajectory.csv: OK
runs/p22/DROP_RNA_RECON/seed_4/loss_trajectory.csv: OK
runs/p22/DROP_RNA_RECON/seed_4/observation_ids.csv: OK
runs/p22/DROP_RNA_RECON/seed_4/run_manifest.json: OK
runs/p22/FULL_IGE/seed_0/attention.npz: OK
runs/p22/FULL_IGE/seed_0/checkpoint_index.csv: OK
runs/p22/FULL_IGE/seed_0/clusters.csv: OK
runs/p22/FULL_IGE/seed_0/coefficient_probe.json: OK
runs/p22/FULL_IGE/seed_0/embedding.npz: OK
runs/p22/FULL_IGE/seed_0/gradient_influence_trajectory.csv: OK
runs/p22/FULL_IGE/seed_0/loss_trajectory.csv: OK
runs/p22/FULL_IGE/seed_0/observation_ids.csv: OK
runs/p22/FULL_IGE/seed_0/run_manifest.json: OK
runs/p22/FULL_IGE/seed_1/attention.npz: OK
runs/p22/FULL_IGE/seed_1/checkpoint_index.csv: OK
runs/p22/FULL_IGE/seed_1/clusters.csv: OK
runs/p22/FULL_IGE/seed_1/coefficient_probe.json: OK
runs/p22/FULL_IGE/seed_1/embedding.npz: OK
runs/p22/FULL_IGE/seed_1/gradient_influence_trajectory.csv: OK
runs/p22/FULL_IGE/seed_1/loss_trajectory.csv: OK
runs/p22/FULL_IGE/seed_1/observation_ids.csv: OK
runs/p22/FULL_IGE/seed_1/run_manifest.json: OK
runs/p22/FULL_IGE/seed_2/attention.npz: OK
runs/p22/FULL_IGE/seed_2/checkpoint_index.csv: OK
runs/p22/FULL_IGE/seed_2/clusters.csv: OK
runs/p22/FULL_IGE/seed_2/coefficient_probe.json: OK
runs/p22/FULL_IGE/seed_2/embedding.npz: OK
runs/p22/FULL_IGE/seed_2/gradient_influence_trajectory.csv: OK
runs/p22/FULL_IGE/seed_2/loss_trajectory.csv: OK
runs/p22/FULL_IGE/seed_2/observation_ids.csv: OK
runs/p22/FULL_IGE/seed_2/run_manifest.json: OK
runs/p22/FULL_IGE/seed_3/attention.npz: OK
runs/p22/FULL_IGE/seed_3/checkpoint_index.csv: OK
runs/p22/FULL_IGE/seed_3/clusters.csv: OK
runs/p22/FULL_IGE/seed_3/coefficient_probe.json: OK
runs/p22/FULL_IGE/seed_3/embedding.npz: OK
runs/p22/FULL_IGE/seed_3/gradient_influence_trajectory.csv: OK
runs/p22/FULL_IGE/seed_3/loss_trajectory.csv: OK
runs/p22/FULL_IGE/seed_3/observation_ids.csv: OK
runs/p22/FULL_IGE/seed_3/run_manifest.json: OK
runs/p22/FULL_IGE/seed_4/attention.npz: OK
runs/p22/FULL_IGE/seed_4/checkpoint_index.csv: OK
runs/p22/FULL_IGE/seed_4/clusters.csv: OK
runs/p22/FULL_IGE/seed_4/coefficient_probe.json: OK
runs/p22/FULL_IGE/seed_4/embedding.npz: OK
runs/p22/FULL_IGE/seed_4/gradient_influence_trajectory.csv: OK
runs/p22/FULL_IGE/seed_4/loss_trajectory.csv: OK
runs/p22/FULL_IGE/seed_4/observation_ids.csv: OK
runs/p22/FULL_IGE/seed_4/run_manifest.json: OK
runs/p22/UNIFORM_ALL/seed_0/attention.npz: OK
runs/p22/UNIFORM_ALL/seed_0/checkpoint_index.csv: OK
runs/p22/UNIFORM_ALL/seed_0/clusters.csv: OK
runs/p22/UNIFORM_ALL/seed_0/coefficient_probe.json: OK
runs/p22/UNIFORM_ALL/seed_0/embedding.npz: OK
runs/p22/UNIFORM_ALL/seed_0/gradient_influence_trajectory.csv: OK
runs/p22/UNIFORM_ALL/seed_0/loss_trajectory.csv: OK
runs/p22/UNIFORM_ALL/seed_0/observation_ids.csv: OK
runs/p22/UNIFORM_ALL/seed_0/run_manifest.json: OK
runs/p22/UNIFORM_ALL/seed_1/attention.npz: OK
runs/p22/UNIFORM_ALL/seed_1/checkpoint_index.csv: OK
runs/p22/UNIFORM_ALL/seed_1/clusters.csv: OK
runs/p22/UNIFORM_ALL/seed_1/coefficient_probe.json: OK
runs/p22/UNIFORM_ALL/seed_1/embedding.npz: OK
runs/p22/UNIFORM_ALL/seed_1/gradient_influence_trajectory.csv: OK
runs/p22/UNIFORM_ALL/seed_1/loss_trajectory.csv: OK
runs/p22/UNIFORM_ALL/seed_1/observation_ids.csv: OK
runs/p22/UNIFORM_ALL/seed_1/run_manifest.json: OK
runs/p22/UNIFORM_ALL/seed_2/attention.npz: OK
runs/p22/UNIFORM_ALL/seed_2/checkpoint_index.csv: OK
runs/p22/UNIFORM_ALL/seed_2/clusters.csv: OK
runs/p22/UNIFORM_ALL/seed_2/coefficient_probe.json: OK
runs/p22/UNIFORM_ALL/seed_2/embedding.npz: OK
runs/p22/UNIFORM_ALL/seed_2/gradient_influence_trajectory.csv: OK
runs/p22/UNIFORM_ALL/seed_2/loss_trajectory.csv: OK
runs/p22/UNIFORM_ALL/seed_2/observation_ids.csv: OK
runs/p22/UNIFORM_ALL/seed_2/run_manifest.json: OK
runs/p22/UNIFORM_ALL/seed_3/attention.npz: OK
runs/p22/UNIFORM_ALL/seed_3/checkpoint_index.csv: OK
runs/p22/UNIFORM_ALL/seed_3/clusters.csv: OK
runs/p22/UNIFORM_ALL/seed_3/coefficient_probe.json: OK
runs/p22/UNIFORM_ALL/seed_3/embedding.npz: OK
runs/p22/UNIFORM_ALL/seed_3/gradient_influence_trajectory.csv: OK
runs/p22/UNIFORM_ALL/seed_3/loss_trajectory.csv: OK
runs/p22/UNIFORM_ALL/seed_3/observation_ids.csv: OK
runs/p22/UNIFORM_ALL/seed_3/run_manifest.json: OK
runs/p22/UNIFORM_ALL/seed_4/attention.npz: OK
runs/p22/UNIFORM_ALL/seed_4/checkpoint_index.csv: OK
runs/p22/UNIFORM_ALL/seed_4/clusters.csv: OK
runs/p22/UNIFORM_ALL/seed_4/coefficient_probe.json: OK
runs/p22/UNIFORM_ALL/seed_4/embedding.npz: OK
runs/p22/UNIFORM_ALL/seed_4/gradient_influence_trajectory.csv: OK
runs/p22/UNIFORM_ALL/seed_4/loss_trajectory.csv: OK
runs/p22/UNIFORM_ALL/seed_4/observation_ids.csv: OK
runs/p22/UNIFORM_ALL/seed_4/run_manifest.json: OK
runs/p22/UNIFORM_CROSS/seed_0/attention.npz: OK
runs/p22/UNIFORM_CROSS/seed_0/checkpoint_index.csv: OK
runs/p22/UNIFORM_CROSS/seed_0/clusters.csv: OK
runs/p22/UNIFORM_CROSS/seed_0/coefficient_probe.json: OK
runs/p22/UNIFORM_CROSS/seed_0/embedding.npz: OK
runs/p22/UNIFORM_CROSS/seed_0/gradient_influence_trajectory.csv: OK
runs/p22/UNIFORM_CROSS/seed_0/loss_trajectory.csv: OK
runs/p22/UNIFORM_CROSS/seed_0/observation_ids.csv: OK
runs/p22/UNIFORM_CROSS/seed_0/run_manifest.json: OK
runs/p22/UNIFORM_CROSS/seed_1/attention.npz: OK
runs/p22/UNIFORM_CROSS/seed_1/checkpoint_index.csv: OK
runs/p22/UNIFORM_CROSS/seed_1/clusters.csv: OK
runs/p22/UNIFORM_CROSS/seed_1/coefficient_probe.json: OK
runs/p22/UNIFORM_CROSS/seed_1/embedding.npz: OK
runs/p22/UNIFORM_CROSS/seed_1/gradient_influence_trajectory.csv: OK
runs/p22/UNIFORM_CROSS/seed_1/loss_trajectory.csv: OK
runs/p22/UNIFORM_CROSS/seed_1/observation_ids.csv: OK
runs/p22/UNIFORM_CROSS/seed_1/run_manifest.json: OK
runs/p22/UNIFORM_CROSS/seed_2/attention.npz: OK
runs/p22/UNIFORM_CROSS/seed_2/checkpoint_index.csv: OK
runs/p22/UNIFORM_CROSS/seed_2/clusters.csv: OK
runs/p22/UNIFORM_CROSS/seed_2/coefficient_probe.json: OK
runs/p22/UNIFORM_CROSS/seed_2/embedding.npz: OK
runs/p22/UNIFORM_CROSS/seed_2/gradient_influence_trajectory.csv: OK
runs/p22/UNIFORM_CROSS/seed_2/loss_trajectory.csv: OK
runs/p22/UNIFORM_CROSS/seed_2/observation_ids.csv: OK
runs/p22/UNIFORM_CROSS/seed_2/run_manifest.json: OK
runs/p22/UNIFORM_CROSS/seed_3/attention.npz: OK
runs/p22/UNIFORM_CROSS/seed_3/checkpoint_index.csv: OK
runs/p22/UNIFORM_CROSS/seed_3/clusters.csv: OK
runs/p22/UNIFORM_CROSS/seed_3/coefficient_probe.json: OK
runs/p22/UNIFORM_CROSS/seed_3/embedding.npz: OK
runs/p22/UNIFORM_CROSS/seed_3/gradient_influence_trajectory.csv: OK
runs/p22/UNIFORM_CROSS/seed_3/loss_trajectory.csv: OK
runs/p22/UNIFORM_CROSS/seed_3/observation_ids.csv: OK
runs/p22/UNIFORM_CROSS/seed_3/run_manifest.json: OK
runs/p22/UNIFORM_CROSS/seed_4/attention.npz: OK
runs/p22/UNIFORM_CROSS/seed_4/checkpoint_index.csv: OK
runs/p22/UNIFORM_CROSS/seed_4/clusters.csv: OK
runs/p22/UNIFORM_CROSS/seed_4/coefficient_probe.json: OK
runs/p22/UNIFORM_CROSS/seed_4/embedding.npz: OK
runs/p22/UNIFORM_CROSS/seed_4/gradient_influence_trajectory.csv: OK
runs/p22/UNIFORM_CROSS/seed_4/loss_trajectory.csv: OK
runs/p22/UNIFORM_CROSS/seed_4/observation_ids.csv: OK
runs/p22/UNIFORM_CROSS/seed_4/run_manifest.json: OK
runs/p22/UNIFORM_WITHIN/seed_0/attention.npz: OK
runs/p22/UNIFORM_WITHIN/seed_0/checkpoint_index.csv: OK
runs/p22/UNIFORM_WITHIN/seed_0/clusters.csv: OK
runs/p22/UNIFORM_WITHIN/seed_0/coefficient_probe.json: OK
runs/p22/UNIFORM_WITHIN/seed_0/embedding.npz: OK
runs/p22/UNIFORM_WITHIN/seed_0/gradient_influence_trajectory.csv: OK
runs/p22/UNIFORM_WITHIN/seed_0/loss_trajectory.csv: OK
runs/p22/UNIFORM_WITHIN/seed_0/observation_ids.csv: OK
runs/p22/UNIFORM_WITHIN/seed_0/run_manifest.json: OK
runs/p22/UNIFORM_WITHIN/seed_1/attention.npz: OK
runs/p22/UNIFORM_WITHIN/seed_1/checkpoint_index.csv: OK
runs/p22/UNIFORM_WITHIN/seed_1/clusters.csv: OK
runs/p22/UNIFORM_WITHIN/seed_1/coefficient_probe.json: OK
runs/p22/UNIFORM_WITHIN/seed_1/embedding.npz: OK
runs/p22/UNIFORM_WITHIN/seed_1/gradient_influence_trajectory.csv: OK
runs/p22/UNIFORM_WITHIN/seed_1/loss_trajectory.csv: OK
runs/p22/UNIFORM_WITHIN/seed_1/observation_ids.csv: OK
runs/p22/UNIFORM_WITHIN/seed_1/run_manifest.json: OK
runs/p22/UNIFORM_WITHIN/seed_2/attention.npz: OK
runs/p22/UNIFORM_WITHIN/seed_2/checkpoint_index.csv: OK
runs/p22/UNIFORM_WITHIN/seed_2/clusters.csv: OK
runs/p22/UNIFORM_WITHIN/seed_2/coefficient_probe.json: OK
runs/p22/UNIFORM_WITHIN/seed_2/embedding.npz: OK
runs/p22/UNIFORM_WITHIN/seed_2/gradient_influence_trajectory.csv: OK
runs/p22/UNIFORM_WITHIN/seed_2/loss_trajectory.csv: OK
runs/p22/UNIFORM_WITHIN/seed_2/observation_ids.csv: OK
runs/p22/UNIFORM_WITHIN/seed_2/run_manifest.json: OK
runs/p22/UNIFORM_WITHIN/seed_3/attention.npz: OK
runs/p22/UNIFORM_WITHIN/seed_3/checkpoint_index.csv: OK
runs/p22/UNIFORM_WITHIN/seed_3/clusters.csv: OK
runs/p22/UNIFORM_WITHIN/seed_3/coefficient_probe.json: OK
runs/p22/UNIFORM_WITHIN/seed_3/embedding.npz: OK
runs/p22/UNIFORM_WITHIN/seed_3/gradient_influence_trajectory.csv: OK
runs/p22/UNIFORM_WITHIN/seed_3/loss_trajectory.csv: OK
runs/p22/UNIFORM_WITHIN/seed_3/observation_ids.csv: OK
runs/p22/UNIFORM_WITHIN/seed_3/run_manifest.json: OK
runs/p22/UNIFORM_WITHIN/seed_4/attention.npz: OK
runs/p22/UNIFORM_WITHIN/seed_4/checkpoint_index.csv: OK
runs/p22/UNIFORM_WITHIN/seed_4/clusters.csv: OK
runs/p22/UNIFORM_WITHIN/seed_4/coefficient_probe.json: OK
runs/p22/UNIFORM_WITHIN/seed_4/embedding.npz: OK
runs/p22/UNIFORM_WITHIN/seed_4/gradient_influence_trajectory.csv: OK
runs/p22/UNIFORM_WITHIN/seed_4/loss_trajectory.csv: OK
runs/p22/UNIFORM_WITHIN/seed_4/observation_ids.csv: OK
runs/p22/UNIFORM_WITHIN/seed_4/run_manifest.json: OK
runs/placenta/DROP_CORR1/seed_0/attention.npz: OK
runs/placenta/DROP_CORR1/seed_0/checkpoint_index.csv: OK
runs/placenta/DROP_CORR1/seed_0/clusters.csv: OK
runs/placenta/DROP_CORR1/seed_0/coefficient_probe.json: OK
runs/placenta/DROP_CORR1/seed_0/embedding.npz: OK
runs/placenta/DROP_CORR1/seed_0/gradient_influence_trajectory.csv: OK
runs/placenta/DROP_CORR1/seed_0/loss_trajectory.csv: OK
runs/placenta/DROP_CORR1/seed_0/observation_ids.csv: OK
runs/placenta/DROP_CORR1/seed_0/run_manifest.json: OK
runs/placenta/DROP_CORR1/seed_1/attention.npz: OK
runs/placenta/DROP_CORR1/seed_1/checkpoint_index.csv: OK
runs/placenta/DROP_CORR1/seed_1/clusters.csv: OK
runs/placenta/DROP_CORR1/seed_1/coefficient_probe.json: OK
runs/placenta/DROP_CORR1/seed_1/embedding.npz: OK
runs/placenta/DROP_CORR1/seed_1/gradient_influence_trajectory.csv: OK
runs/placenta/DROP_CORR1/seed_1/loss_trajectory.csv: OK
runs/placenta/DROP_CORR1/seed_1/observation_ids.csv: OK
runs/placenta/DROP_CORR1/seed_1/run_manifest.json: OK
runs/placenta/DROP_CORR1/seed_2/attention.npz: OK
runs/placenta/DROP_CORR1/seed_2/checkpoint_index.csv: OK
runs/placenta/DROP_CORR1/seed_2/clusters.csv: OK
runs/placenta/DROP_CORR1/seed_2/coefficient_probe.json: OK
runs/placenta/DROP_CORR1/seed_2/embedding.npz: OK
runs/placenta/DROP_CORR1/seed_2/gradient_influence_trajectory.csv: OK
runs/placenta/DROP_CORR1/seed_2/loss_trajectory.csv: OK
runs/placenta/DROP_CORR1/seed_2/observation_ids.csv: OK
runs/placenta/DROP_CORR1/seed_2/run_manifest.json: OK
runs/placenta/DROP_CORR1/seed_3/attention.npz: OK
runs/placenta/DROP_CORR1/seed_3/checkpoint_index.csv: OK
runs/placenta/DROP_CORR1/seed_3/clusters.csv: OK
runs/placenta/DROP_CORR1/seed_3/coefficient_probe.json: OK
runs/placenta/DROP_CORR1/seed_3/embedding.npz: OK
runs/placenta/DROP_CORR1/seed_3/gradient_influence_trajectory.csv: OK
runs/placenta/DROP_CORR1/seed_3/loss_trajectory.csv: OK
runs/placenta/DROP_CORR1/seed_3/observation_ids.csv: OK
runs/placenta/DROP_CORR1/seed_3/run_manifest.json: OK
runs/placenta/DROP_CORR1/seed_4/attention.npz: OK
runs/placenta/DROP_CORR1/seed_4/checkpoint_index.csv: OK
runs/placenta/DROP_CORR1/seed_4/clusters.csv: OK
runs/placenta/DROP_CORR1/seed_4/coefficient_probe.json: OK
runs/placenta/DROP_CORR1/seed_4/embedding.npz: OK
runs/placenta/DROP_CORR1/seed_4/gradient_influence_trajectory.csv: OK
runs/placenta/DROP_CORR1/seed_4/loss_trajectory.csv: OK
runs/placenta/DROP_CORR1/seed_4/observation_ids.csv: OK
runs/placenta/DROP_CORR1/seed_4/run_manifest.json: OK
runs/placenta/DROP_CORR2/seed_0/attention.npz: OK
runs/placenta/DROP_CORR2/seed_0/checkpoint_index.csv: OK
runs/placenta/DROP_CORR2/seed_0/clusters.csv: OK
runs/placenta/DROP_CORR2/seed_0/coefficient_probe.json: OK
runs/placenta/DROP_CORR2/seed_0/embedding.npz: OK
runs/placenta/DROP_CORR2/seed_0/gradient_influence_trajectory.csv: OK
runs/placenta/DROP_CORR2/seed_0/loss_trajectory.csv: OK
runs/placenta/DROP_CORR2/seed_0/observation_ids.csv: OK
runs/placenta/DROP_CORR2/seed_0/run_manifest.json: OK
runs/placenta/DROP_CORR2/seed_1/attention.npz: OK
runs/placenta/DROP_CORR2/seed_1/checkpoint_index.csv: OK
runs/placenta/DROP_CORR2/seed_1/clusters.csv: OK
runs/placenta/DROP_CORR2/seed_1/coefficient_probe.json: OK
runs/placenta/DROP_CORR2/seed_1/embedding.npz: OK
runs/placenta/DROP_CORR2/seed_1/gradient_influence_trajectory.csv: OK
runs/placenta/DROP_CORR2/seed_1/loss_trajectory.csv: OK
runs/placenta/DROP_CORR2/seed_1/observation_ids.csv: OK
runs/placenta/DROP_CORR2/seed_1/run_manifest.json: OK
runs/placenta/DROP_CORR2/seed_2/attention.npz: OK
runs/placenta/DROP_CORR2/seed_2/checkpoint_index.csv: OK
runs/placenta/DROP_CORR2/seed_2/clusters.csv: OK
runs/placenta/DROP_CORR2/seed_2/coefficient_probe.json: OK
runs/placenta/DROP_CORR2/seed_2/embedding.npz: OK
runs/placenta/DROP_CORR2/seed_2/gradient_influence_trajectory.csv: OK
runs/placenta/DROP_CORR2/seed_2/loss_trajectory.csv: OK
runs/placenta/DROP_CORR2/seed_2/observation_ids.csv: OK
runs/placenta/DROP_CORR2/seed_2/run_manifest.json: OK
runs/placenta/DROP_CORR2/seed_3/attention.npz: OK
runs/placenta/DROP_CORR2/seed_3/checkpoint_index.csv: OK
runs/placenta/DROP_CORR2/seed_3/clusters.csv: OK
runs/placenta/DROP_CORR2/seed_3/coefficient_probe.json: OK
runs/placenta/DROP_CORR2/seed_3/embedding.npz: OK
runs/placenta/DROP_CORR2/seed_3/gradient_influence_trajectory.csv: OK
runs/placenta/DROP_CORR2/seed_3/loss_trajectory.csv: OK
runs/placenta/DROP_CORR2/seed_3/observation_ids.csv: OK
runs/placenta/DROP_CORR2/seed_3/run_manifest.json: OK
runs/placenta/DROP_CORR2/seed_4/attention.npz: OK
runs/placenta/DROP_CORR2/seed_4/checkpoint_index.csv: OK
runs/placenta/DROP_CORR2/seed_4/clusters.csv: OK
runs/placenta/DROP_CORR2/seed_4/coefficient_probe.json: OK
runs/placenta/DROP_CORR2/seed_4/embedding.npz: OK
runs/placenta/DROP_CORR2/seed_4/gradient_influence_trajectory.csv: OK
runs/placenta/DROP_CORR2/seed_4/loss_trajectory.csv: OK
runs/placenta/DROP_CORR2/seed_4/observation_ids.csv: OK
runs/placenta/DROP_CORR2/seed_4/run_manifest.json: OK
runs/placenta/DROP_MOD2_RECON/seed_0/attention.npz: OK
runs/placenta/DROP_MOD2_RECON/seed_0/checkpoint_index.csv: OK
runs/placenta/DROP_MOD2_RECON/seed_0/clusters.csv: OK
runs/placenta/DROP_MOD2_RECON/seed_0/coefficient_probe.json: OK
runs/placenta/DROP_MOD2_RECON/seed_0/embedding.npz: OK
runs/placenta/DROP_MOD2_RECON/seed_0/gradient_influence_trajectory.csv: OK
runs/placenta/DROP_MOD2_RECON/seed_0/loss_trajectory.csv: OK
runs/placenta/DROP_MOD2_RECON/seed_0/observation_ids.csv: OK
runs/placenta/DROP_MOD2_RECON/seed_0/run_manifest.json: OK
runs/placenta/DROP_MOD2_RECON/seed_1/attention.npz: OK
runs/placenta/DROP_MOD2_RECON/seed_1/checkpoint_index.csv: OK
runs/placenta/DROP_MOD2_RECON/seed_1/clusters.csv: OK
runs/placenta/DROP_MOD2_RECON/seed_1/coefficient_probe.json: OK
runs/placenta/DROP_MOD2_RECON/seed_1/embedding.npz: OK
runs/placenta/DROP_MOD2_RECON/seed_1/gradient_influence_trajectory.csv: OK
runs/placenta/DROP_MOD2_RECON/seed_1/loss_trajectory.csv: OK
runs/placenta/DROP_MOD2_RECON/seed_1/observation_ids.csv: OK
runs/placenta/DROP_MOD2_RECON/seed_1/run_manifest.json: OK
runs/placenta/DROP_MOD2_RECON/seed_2/attention.npz: OK
runs/placenta/DROP_MOD2_RECON/seed_2/checkpoint_index.csv: OK
runs/placenta/DROP_MOD2_RECON/seed_2/clusters.csv: OK
runs/placenta/DROP_MOD2_RECON/seed_2/coefficient_probe.json: OK
runs/placenta/DROP_MOD2_RECON/seed_2/embedding.npz: OK
runs/placenta/DROP_MOD2_RECON/seed_2/gradient_influence_trajectory.csv: OK
runs/placenta/DROP_MOD2_RECON/seed_2/loss_trajectory.csv: OK
runs/placenta/DROP_MOD2_RECON/seed_2/observation_ids.csv: OK
runs/placenta/DROP_MOD2_RECON/seed_2/run_manifest.json: OK
runs/placenta/DROP_MOD2_RECON/seed_3/attention.npz: OK
runs/placenta/DROP_MOD2_RECON/seed_3/checkpoint_index.csv: OK
runs/placenta/DROP_MOD2_RECON/seed_3/clusters.csv: OK
runs/placenta/DROP_MOD2_RECON/seed_3/coefficient_probe.json: OK
runs/placenta/DROP_MOD2_RECON/seed_3/embedding.npz: OK
runs/placenta/DROP_MOD2_RECON/seed_3/gradient_influence_trajectory.csv: OK
runs/placenta/DROP_MOD2_RECON/seed_3/loss_trajectory.csv: OK
runs/placenta/DROP_MOD2_RECON/seed_3/observation_ids.csv: OK
runs/placenta/DROP_MOD2_RECON/seed_3/run_manifest.json: OK
runs/placenta/DROP_MOD2_RECON/seed_4/attention.npz: OK
runs/placenta/DROP_MOD2_RECON/seed_4/checkpoint_index.csv: OK
runs/placenta/DROP_MOD2_RECON/seed_4/clusters.csv: OK
runs/placenta/DROP_MOD2_RECON/seed_4/coefficient_probe.json: OK
runs/placenta/DROP_MOD2_RECON/seed_4/embedding.npz: OK
runs/placenta/DROP_MOD2_RECON/seed_4/gradient_influence_trajectory.csv: OK
runs/placenta/DROP_MOD2_RECON/seed_4/loss_trajectory.csv: OK
runs/placenta/DROP_MOD2_RECON/seed_4/observation_ids.csv: OK
runs/placenta/DROP_MOD2_RECON/seed_4/run_manifest.json: OK
runs/placenta/DROP_RNA_RECON/seed_0/attention.npz: OK
runs/placenta/DROP_RNA_RECON/seed_0/checkpoint_index.csv: OK
runs/placenta/DROP_RNA_RECON/seed_0/clusters.csv: OK
runs/placenta/DROP_RNA_RECON/seed_0/coefficient_probe.json: OK
runs/placenta/DROP_RNA_RECON/seed_0/embedding.npz: OK
runs/placenta/DROP_RNA_RECON/seed_0/gradient_influence_trajectory.csv: OK
runs/placenta/DROP_RNA_RECON/seed_0/loss_trajectory.csv: OK
runs/placenta/DROP_RNA_RECON/seed_0/observation_ids.csv: OK
runs/placenta/DROP_RNA_RECON/seed_0/run_manifest.json: OK
runs/placenta/DROP_RNA_RECON/seed_1/attention.npz: OK
runs/placenta/DROP_RNA_RECON/seed_1/checkpoint_index.csv: OK
runs/placenta/DROP_RNA_RECON/seed_1/clusters.csv: OK
runs/placenta/DROP_RNA_RECON/seed_1/coefficient_probe.json: OK
runs/placenta/DROP_RNA_RECON/seed_1/embedding.npz: OK
runs/placenta/DROP_RNA_RECON/seed_1/gradient_influence_trajectory.csv: OK
runs/placenta/DROP_RNA_RECON/seed_1/loss_trajectory.csv: OK
runs/placenta/DROP_RNA_RECON/seed_1/observation_ids.csv: OK
runs/placenta/DROP_RNA_RECON/seed_1/run_manifest.json: OK
runs/placenta/DROP_RNA_RECON/seed_2/attention.npz: OK
runs/placenta/DROP_RNA_RECON/seed_2/checkpoint_index.csv: OK
runs/placenta/DROP_RNA_RECON/seed_2/clusters.csv: OK
runs/placenta/DROP_RNA_RECON/seed_2/coefficient_probe.json: OK
runs/placenta/DROP_RNA_RECON/seed_2/embedding.npz: OK
runs/placenta/DROP_RNA_RECON/seed_2/gradient_influence_trajectory.csv: OK
runs/placenta/DROP_RNA_RECON/seed_2/loss_trajectory.csv: OK
runs/placenta/DROP_RNA_RECON/seed_2/observation_ids.csv: OK
runs/placenta/DROP_RNA_RECON/seed_2/run_manifest.json: OK
runs/placenta/DROP_RNA_RECON/seed_3/attention.npz: OK
runs/placenta/DROP_RNA_RECON/seed_3/checkpoint_index.csv: OK
runs/placenta/DROP_RNA_RECON/seed_3/clusters.csv: OK
runs/placenta/DROP_RNA_RECON/seed_3/coefficient_probe.json: OK
runs/placenta/DROP_RNA_RECON/seed_3/embedding.npz: OK
runs/placenta/DROP_RNA_RECON/seed_3/gradient_influence_trajectory.csv: OK
runs/placenta/DROP_RNA_RECON/seed_3/loss_trajectory.csv: OK
runs/placenta/DROP_RNA_RECON/seed_3/observation_ids.csv: OK
runs/placenta/DROP_RNA_RECON/seed_3/run_manifest.json: OK
runs/placenta/DROP_RNA_RECON/seed_4/attention.npz: OK
runs/placenta/DROP_RNA_RECON/seed_4/checkpoint_index.csv: OK
runs/placenta/DROP_RNA_RECON/seed_4/clusters.csv: OK
runs/placenta/DROP_RNA_RECON/seed_4/coefficient_probe.json: OK
runs/placenta/DROP_RNA_RECON/seed_4/embedding.npz: OK
runs/placenta/DROP_RNA_RECON/seed_4/gradient_influence_trajectory.csv: OK
runs/placenta/DROP_RNA_RECON/seed_4/loss_trajectory.csv: OK
runs/placenta/DROP_RNA_RECON/seed_4/observation_ids.csv: OK
runs/placenta/DROP_RNA_RECON/seed_4/run_manifest.json: OK
runs/placenta/FULL_IGE/seed_0/attention.npz: OK
runs/placenta/FULL_IGE/seed_0/checkpoint_index.csv: OK
runs/placenta/FULL_IGE/seed_0/clusters.csv: OK
runs/placenta/FULL_IGE/seed_0/coefficient_probe.json: OK
runs/placenta/FULL_IGE/seed_0/embedding.npz: OK
runs/placenta/FULL_IGE/seed_0/gradient_influence_trajectory.csv: OK
runs/placenta/FULL_IGE/seed_0/loss_trajectory.csv: OK
runs/placenta/FULL_IGE/seed_0/observation_ids.csv: OK
runs/placenta/FULL_IGE/seed_0/run_manifest.json: OK
runs/placenta/FULL_IGE/seed_1/attention.npz: OK
runs/placenta/FULL_IGE/seed_1/checkpoint_index.csv: OK
runs/placenta/FULL_IGE/seed_1/clusters.csv: OK
runs/placenta/FULL_IGE/seed_1/coefficient_probe.json: OK
runs/placenta/FULL_IGE/seed_1/embedding.npz: OK
runs/placenta/FULL_IGE/seed_1/gradient_influence_trajectory.csv: OK
runs/placenta/FULL_IGE/seed_1/loss_trajectory.csv: OK
runs/placenta/FULL_IGE/seed_1/observation_ids.csv: OK
runs/placenta/FULL_IGE/seed_1/run_manifest.json: OK
runs/placenta/FULL_IGE/seed_2/attention.npz: OK
runs/placenta/FULL_IGE/seed_2/checkpoint_index.csv: OK
runs/placenta/FULL_IGE/seed_2/clusters.csv: OK
runs/placenta/FULL_IGE/seed_2/coefficient_probe.json: OK
runs/placenta/FULL_IGE/seed_2/embedding.npz: OK
runs/placenta/FULL_IGE/seed_2/gradient_influence_trajectory.csv: OK
runs/placenta/FULL_IGE/seed_2/loss_trajectory.csv: OK
runs/placenta/FULL_IGE/seed_2/observation_ids.csv: OK
runs/placenta/FULL_IGE/seed_2/run_manifest.json: OK
runs/placenta/FULL_IGE/seed_3/attention.npz: OK
runs/placenta/FULL_IGE/seed_3/checkpoint_index.csv: OK
runs/placenta/FULL_IGE/seed_3/clusters.csv: OK
runs/placenta/FULL_IGE/seed_3/coefficient_probe.json: OK
runs/placenta/FULL_IGE/seed_3/embedding.npz: OK
runs/placenta/FULL_IGE/seed_3/gradient_influence_trajectory.csv: OK
runs/placenta/FULL_IGE/seed_3/loss_trajectory.csv: OK
runs/placenta/FULL_IGE/seed_3/observation_ids.csv: OK
runs/placenta/FULL_IGE/seed_3/run_manifest.json: OK
runs/placenta/FULL_IGE/seed_4/attention.npz: OK
runs/placenta/FULL_IGE/seed_4/checkpoint_index.csv: OK
runs/placenta/FULL_IGE/seed_4/clusters.csv: OK
runs/placenta/FULL_IGE/seed_4/coefficient_probe.json: OK
runs/placenta/FULL_IGE/seed_4/embedding.npz: OK
runs/placenta/FULL_IGE/seed_4/gradient_influence_trajectory.csv: OK
runs/placenta/FULL_IGE/seed_4/loss_trajectory.csv: OK
runs/placenta/FULL_IGE/seed_4/observation_ids.csv: OK
runs/placenta/FULL_IGE/seed_4/run_manifest.json: OK
runs/placenta/UNIFORM_ALL/seed_0/attention.npz: OK
runs/placenta/UNIFORM_ALL/seed_0/checkpoint_index.csv: OK
runs/placenta/UNIFORM_ALL/seed_0/clusters.csv: OK
runs/placenta/UNIFORM_ALL/seed_0/coefficient_probe.json: OK
runs/placenta/UNIFORM_ALL/seed_0/embedding.npz: OK
runs/placenta/UNIFORM_ALL/seed_0/gradient_influence_trajectory.csv: OK
runs/placenta/UNIFORM_ALL/seed_0/loss_trajectory.csv: OK
runs/placenta/UNIFORM_ALL/seed_0/observation_ids.csv: OK
runs/placenta/UNIFORM_ALL/seed_0/run_manifest.json: OK
runs/placenta/UNIFORM_ALL/seed_1/attention.npz: OK
runs/placenta/UNIFORM_ALL/seed_1/checkpoint_index.csv: OK
runs/placenta/UNIFORM_ALL/seed_1/clusters.csv: OK
runs/placenta/UNIFORM_ALL/seed_1/coefficient_probe.json: OK
runs/placenta/UNIFORM_ALL/seed_1/embedding.npz: OK
runs/placenta/UNIFORM_ALL/seed_1/gradient_influence_trajectory.csv: OK
runs/placenta/UNIFORM_ALL/seed_1/loss_trajectory.csv: OK
runs/placenta/UNIFORM_ALL/seed_1/observation_ids.csv: OK
runs/placenta/UNIFORM_ALL/seed_1/run_manifest.json: OK
runs/placenta/UNIFORM_ALL/seed_2/attention.npz: OK
runs/placenta/UNIFORM_ALL/seed_2/checkpoint_index.csv: OK
runs/placenta/UNIFORM_ALL/seed_2/clusters.csv: OK
runs/placenta/UNIFORM_ALL/seed_2/coefficient_probe.json: OK
runs/placenta/UNIFORM_ALL/seed_2/embedding.npz: OK
runs/placenta/UNIFORM_ALL/seed_2/gradient_influence_trajectory.csv: OK
runs/placenta/UNIFORM_ALL/seed_2/loss_trajectory.csv: OK
runs/placenta/UNIFORM_ALL/seed_2/observation_ids.csv: OK
runs/placenta/UNIFORM_ALL/seed_2/run_manifest.json: OK
runs/placenta/UNIFORM_ALL/seed_3/attention.npz: OK
runs/placenta/UNIFORM_ALL/seed_3/checkpoint_index.csv: OK
runs/placenta/UNIFORM_ALL/seed_3/clusters.csv: OK
runs/placenta/UNIFORM_ALL/seed_3/coefficient_probe.json: OK
runs/placenta/UNIFORM_ALL/seed_3/embedding.npz: OK
runs/placenta/UNIFORM_ALL/seed_3/gradient_influence_trajectory.csv: OK
runs/placenta/UNIFORM_ALL/seed_3/loss_trajectory.csv: OK
runs/placenta/UNIFORM_ALL/seed_3/observation_ids.csv: OK
runs/placenta/UNIFORM_ALL/seed_3/run_manifest.json: OK
runs/placenta/UNIFORM_ALL/seed_4/attention.npz: OK
runs/placenta/UNIFORM_ALL/seed_4/checkpoint_index.csv: OK
runs/placenta/UNIFORM_ALL/seed_4/clusters.csv: OK
runs/placenta/UNIFORM_ALL/seed_4/coefficient_probe.json: OK
runs/placenta/UNIFORM_ALL/seed_4/embedding.npz: OK
runs/placenta/UNIFORM_ALL/seed_4/gradient_influence_trajectory.csv: OK
runs/placenta/UNIFORM_ALL/seed_4/loss_trajectory.csv: OK
runs/placenta/UNIFORM_ALL/seed_4/observation_ids.csv: OK
runs/placenta/UNIFORM_ALL/seed_4/run_manifest.json: OK
runs/placenta/UNIFORM_CROSS/seed_0/attention.npz: OK
runs/placenta/UNIFORM_CROSS/seed_0/checkpoint_index.csv: OK
runs/placenta/UNIFORM_CROSS/seed_0/clusters.csv: OK
runs/placenta/UNIFORM_CROSS/seed_0/coefficient_probe.json: OK
runs/placenta/UNIFORM_CROSS/seed_0/embedding.npz: OK
runs/placenta/UNIFORM_CROSS/seed_0/gradient_influence_trajectory.csv: OK
runs/placenta/UNIFORM_CROSS/seed_0/loss_trajectory.csv: OK
runs/placenta/UNIFORM_CROSS/seed_0/observation_ids.csv: OK
runs/placenta/UNIFORM_CROSS/seed_0/run_manifest.json: OK
runs/placenta/UNIFORM_CROSS/seed_1/attention.npz: OK
runs/placenta/UNIFORM_CROSS/seed_1/checkpoint_index.csv: OK
runs/placenta/UNIFORM_CROSS/seed_1/clusters.csv: OK
runs/placenta/UNIFORM_CROSS/seed_1/coefficient_probe.json: OK
runs/placenta/UNIFORM_CROSS/seed_1/embedding.npz: OK
runs/placenta/UNIFORM_CROSS/seed_1/gradient_influence_trajectory.csv: OK
runs/placenta/UNIFORM_CROSS/seed_1/loss_trajectory.csv: OK
runs/placenta/UNIFORM_CROSS/seed_1/observation_ids.csv: OK
runs/placenta/UNIFORM_CROSS/seed_1/run_manifest.json: OK
runs/placenta/UNIFORM_CROSS/seed_2/attention.npz: OK
runs/placenta/UNIFORM_CROSS/seed_2/checkpoint_index.csv: OK
runs/placenta/UNIFORM_CROSS/seed_2/clusters.csv: OK
runs/placenta/UNIFORM_CROSS/seed_2/coefficient_probe.json: OK
runs/placenta/UNIFORM_CROSS/seed_2/embedding.npz: OK
runs/placenta/UNIFORM_CROSS/seed_2/gradient_influence_trajectory.csv: OK
runs/placenta/UNIFORM_CROSS/seed_2/loss_trajectory.csv: OK
runs/placenta/UNIFORM_CROSS/seed_2/observation_ids.csv: OK
runs/placenta/UNIFORM_CROSS/seed_2/run_manifest.json: OK
runs/placenta/UNIFORM_CROSS/seed_3/attention.npz: OK
runs/placenta/UNIFORM_CROSS/seed_3/checkpoint_index.csv: OK
runs/placenta/UNIFORM_CROSS/seed_3/clusters.csv: OK
runs/placenta/UNIFORM_CROSS/seed_3/coefficient_probe.json: OK
runs/placenta/UNIFORM_CROSS/seed_3/embedding.npz: OK
runs/placenta/UNIFORM_CROSS/seed_3/gradient_influence_trajectory.csv: OK
runs/placenta/UNIFORM_CROSS/seed_3/loss_trajectory.csv: OK
runs/placenta/UNIFORM_CROSS/seed_3/observation_ids.csv: OK
runs/placenta/UNIFORM_CROSS/seed_3/run_manifest.json: OK
runs/placenta/UNIFORM_CROSS/seed_4/attention.npz: OK
runs/placenta/UNIFORM_CROSS/seed_4/checkpoint_index.csv: OK
runs/placenta/UNIFORM_CROSS/seed_4/clusters.csv: OK
runs/placenta/UNIFORM_CROSS/seed_4/coefficient_probe.json: OK
runs/placenta/UNIFORM_CROSS/seed_4/embedding.npz: OK
runs/placenta/UNIFORM_CROSS/seed_4/gradient_influence_trajectory.csv: OK
runs/placenta/UNIFORM_CROSS/seed_4/loss_trajectory.csv: OK
runs/placenta/UNIFORM_CROSS/seed_4/observation_ids.csv: OK
runs/placenta/UNIFORM_CROSS/seed_4/run_manifest.json: OK
runs/placenta/UNIFORM_WITHIN/seed_0/attention.npz: OK
runs/placenta/UNIFORM_WITHIN/seed_0/checkpoint_index.csv: OK
runs/placenta/UNIFORM_WITHIN/seed_0/clusters.csv: OK
runs/placenta/UNIFORM_WITHIN/seed_0/coefficient_probe.json: OK
runs/placenta/UNIFORM_WITHIN/seed_0/embedding.npz: OK
runs/placenta/UNIFORM_WITHIN/seed_0/gradient_influence_trajectory.csv: OK
runs/placenta/UNIFORM_WITHIN/seed_0/loss_trajectory.csv: OK
runs/placenta/UNIFORM_WITHIN/seed_0/observation_ids.csv: OK
runs/placenta/UNIFORM_WITHIN/seed_0/run_manifest.json: OK
runs/placenta/UNIFORM_WITHIN/seed_1/attention.npz: OK
runs/placenta/UNIFORM_WITHIN/seed_1/checkpoint_index.csv: OK
runs/placenta/UNIFORM_WITHIN/seed_1/clusters.csv: OK
runs/placenta/UNIFORM_WITHIN/seed_1/coefficient_probe.json: OK
runs/placenta/UNIFORM_WITHIN/seed_1/embedding.npz: OK
runs/placenta/UNIFORM_WITHIN/seed_1/gradient_influence_trajectory.csv: OK
runs/placenta/UNIFORM_WITHIN/seed_1/loss_trajectory.csv: OK
runs/placenta/UNIFORM_WITHIN/seed_1/observation_ids.csv: OK
runs/placenta/UNIFORM_WITHIN/seed_1/run_manifest.json: OK
runs/placenta/UNIFORM_WITHIN/seed_2/attention.npz: OK
runs/placenta/UNIFORM_WITHIN/seed_2/checkpoint_index.csv: OK
runs/placenta/UNIFORM_WITHIN/seed_2/clusters.csv: OK
runs/placenta/UNIFORM_WITHIN/seed_2/coefficient_probe.json: OK
runs/placenta/UNIFORM_WITHIN/seed_2/embedding.npz: OK
runs/placenta/UNIFORM_WITHIN/seed_2/gradient_influence_trajectory.csv: OK
runs/placenta/UNIFORM_WITHIN/seed_2/loss_trajectory.csv: OK
runs/placenta/UNIFORM_WITHIN/seed_2/observation_ids.csv: OK
runs/placenta/UNIFORM_WITHIN/seed_2/run_manifest.json: OK
runs/placenta/UNIFORM_WITHIN/seed_3/attention.npz: OK
runs/placenta/UNIFORM_WITHIN/seed_3/checkpoint_index.csv: OK
runs/placenta/UNIFORM_WITHIN/seed_3/clusters.csv: OK
runs/placenta/UNIFORM_WITHIN/seed_3/coefficient_probe.json: OK
runs/placenta/UNIFORM_WITHIN/seed_3/embedding.npz: OK
runs/placenta/UNIFORM_WITHIN/seed_3/gradient_influence_trajectory.csv: OK
runs/placenta/UNIFORM_WITHIN/seed_3/loss_trajectory.csv: OK
runs/placenta/UNIFORM_WITHIN/seed_3/observation_ids.csv: OK
runs/placenta/UNIFORM_WITHIN/seed_3/run_manifest.json: OK
runs/placenta/UNIFORM_WITHIN/seed_4/attention.npz: OK
runs/placenta/UNIFORM_WITHIN/seed_4/checkpoint_index.csv: OK
runs/placenta/UNIFORM_WITHIN/seed_4/clusters.csv: OK
runs/placenta/UNIFORM_WITHIN/seed_4/coefficient_probe.json: OK
runs/placenta/UNIFORM_WITHIN/seed_4/embedding.npz: OK
runs/placenta/UNIFORM_WITHIN/seed_4/gradient_influence_trajectory.csv: OK
runs/placenta/UNIFORM_WITHIN/seed_4/loss_trajectory.csv: OK
runs/placenta/UNIFORM_WITHIN/seed_4/observation_ids.csv: OK
runs/placenta/UNIFORM_WITHIN/seed_4/run_manifest.json: OK
scientific_window_label_firewall.json: OK
shutdown_checklist.json: OK
summary.csv: OK
tests_final.log: OK
training_120_execution.log: OK
training_complete.json: OK
